Archive member included to satisfy reference by file (symbol)

.\CortexM3\ARM_GCC_541\Debug\Modbus_RTU_vP5_0.a(Status_LED.o)
                              .\CortexM3\ARM_GCC_541\Debug\main.o (Status_LED_Write)
.\CortexM3\ARM_GCC_541\Debug\Modbus_RTU_vP5_0.a(CyLib.o)
                              .\CortexM3\ARM_GCC_541\Debug\Cm3Start.o (CyHalt)
.\CortexM3\ARM_GCC_541\Debug\Modbus_RTU_vP5_0.a(cyPm.o)
                              .\CortexM3\ARM_GCC_541\Debug\Modbus_RTU_vP5_0.a(CyLib.o) (CyPmReadStatus)
.\CortexM3\ARM_GCC_541\Debug\Modbus_RTU_vP5_0.a(Modbus_RTU_Over_UART.o)
                              .\CortexM3\ARM_GCC_541\Debug\main.o (Modbus_RTU_Over_UART_Start)
.\CortexM3\ARM_GCC_541\Debug\Modbus_RTU_vP5_0.a(ISR_MBRTU_UART_Rx.o)
                              .\CortexM3\ARM_GCC_541\Debug\main.o (ISR_MBRTU_UART_Rx_StartEx)
.\CortexM3\ARM_GCC_541\Debug\Modbus_RTU_vP5_0.a(Modbus_RTU_Over_UART_IntClock.o)
                              .\CortexM3\ARM_GCC_541\Debug\Modbus_RTU_vP5_0.a(Modbus_RTU_Over_UART.o) (Modbus_RTU_Over_UART_IntClock_Start)
.\CortexM3\ARM_GCC_541\Debug\Modbus_RTU_vP5_0.a(EEPROM.o)
                              .\CortexM3\ARM_GCC_541\Debug\main.o (EEPROM_Start)
.\CortexM3\ARM_GCC_541\Debug\Modbus_RTU_vP5_0.a(CyBootAsmGnu.o)
                              .\CortexM3\ARM_GCC_541\Debug\cyfitter_cfg.o (CyDelayCycles)
.\CortexM3\ARM_GCC_541\Debug\Modbus_RTU_vP5_0.a(CyFlash.o)
                              .\CortexM3\ARM_GCC_541\Debug\Modbus_RTU_vP5_0.a(EEPROM.o) (dieTemperature)
.\CortexM3\ARM_GCC_541\Debug\Modbus_RTU_vP5_0.a(CySpc.o)
                              .\CortexM3\ARM_GCC_541\Debug\Modbus_RTU_vP5_0.a(EEPROM.o) (CySpcStart)
c:/program files (x86)/cypress/psoc creator/4.4/psoc creator/import/gnu/arm/5.4.1/bin/../lib/gcc/arm-none-eabi/5.4.1/../../../../arm-none-eabi/lib/armv7-m\libg_nano.a(lib_a-errno.o)
                              .\CortexM3\ARM_GCC_541\Debug\Cm3Start.o (__errno)
c:/program files (x86)/cypress/psoc creator/4.4/psoc creator/import/gnu/arm/5.4.1/bin/../lib/gcc/arm-none-eabi/5.4.1/../../../../arm-none-eabi/lib/armv7-m\libg_nano.a(lib_a-exit.o)
                              c:/program files (x86)/cypress/psoc creator/4.4/psoc creator/import/gnu/arm/5.4.1/bin/../lib/gcc/arm-none-eabi/5.4.1/../../../../arm-none-eabi/lib/armv7-m/crt0.o (exit)
c:/program files (x86)/cypress/psoc creator/4.4/psoc creator/import/gnu/arm/5.4.1/bin/../lib/gcc/arm-none-eabi/5.4.1/../../../../arm-none-eabi/lib/armv7-m\libg_nano.a(lib_a-impure.o)
                              c:/program files (x86)/cypress/psoc creator/4.4/psoc creator/import/gnu/arm/5.4.1/bin/../lib/gcc/arm-none-eabi/5.4.1/../../../../arm-none-eabi/lib/armv7-m\libg_nano.a(lib_a-exit.o) (_global_impure_ptr)
c:/program files (x86)/cypress/psoc creator/4.4/psoc creator/import/gnu/arm/5.4.1/bin/../lib/gcc/arm-none-eabi/5.4.1/../../../../arm-none-eabi/lib/armv7-m\libg_nano.a(lib_a-init.o)
                              c:/program files (x86)/cypress/psoc creator/4.4/psoc creator/import/gnu/arm/5.4.1/bin/../lib/gcc/arm-none-eabi/5.4.1/../../../../arm-none-eabi/lib/armv7-m/crt0.o (__libc_init_array)
c:/program files (x86)/cypress/psoc creator/4.4/psoc creator/import/gnu/arm/5.4.1/bin/../lib/gcc/arm-none-eabi/5.4.1/../../../../arm-none-eabi/lib/armv7-m\libg_nano.a(lib_a-memcpy-stub.o)
                              .\CortexM3\ARM_GCC_541\Debug\cyfitter_cfg.o (memcpy)
c:/program files (x86)/cypress/psoc creator/4.4/psoc creator/import/gnu/arm/5.4.1/bin/../lib/gcc/arm-none-eabi/5.4.1/../../../../arm-none-eabi/lib/armv7-m\libg_nano.a(lib_a-memset.o)
                              c:/program files (x86)/cypress/psoc creator/4.4/psoc creator/import/gnu/arm/5.4.1/bin/../lib/gcc/arm-none-eabi/5.4.1/../../../../arm-none-eabi/lib/armv7-m/crt0.o (memset)

Allocating common symbols
Common symbol       size              file

modbus_discrete_input_value
                    0x9               .\CortexM3\ARM_GCC_541\Debug\modbus_rtu.o
SysTick_value       0x4               .\CortexM3\ARM_GCC_541\Debug\main.o
modbus_input_registers_value_H
                    0x40              .\CortexM3\ARM_GCC_541\Debug\modbus_rtu.o
uart_data_rx        0x40              .\CortexM3\ARM_GCC_541\Debug\main.o
modbus_holding_registers_value_H
                    0x40              .\CortexM3\ARM_GCC_541\Debug\modbus_rtu.o
modbus_response_read_discrete_input
                    0xd               .\CortexM3\ARM_GCC_541\Debug\modbus_rtu.o
modbus_input_registers_value
                    0x80              .\CortexM3\ARM_GCC_541\Debug\modbus_rtu.o
modbus_response_read_input_registers
                    0x85              .\CortexM3\ARM_GCC_541\Debug\modbus_rtu.o
modbus_response_read_coil
                    0xd               .\CortexM3\ARM_GCC_541\Debug\modbus_rtu.o
crc16               0x2               .\CortexM3\ARM_GCC_541\Debug\modbus_rtu.o
rx_character        0x1               .\CortexM3\ARM_GCC_541\Debug\main.o
modbus_response_preset_multiple_registers
                    0x8               .\CortexM3\ARM_GCC_541\Debug\modbus_rtu.o
modbus_response_holding_registers_temp
                    0x80              .\CortexM3\ARM_GCC_541\Debug\modbus_rtu.o
modbus_response_data_length
                    0x1               .\CortexM3\ARM_GCC_541\Debug\modbus_rtu.o
modbus_received_data
                    0x40              .\CortexM3\ARM_GCC_541\Debug\main.o
modbus_response_input_registers_temp
                    0x80              .\CortexM3\ARM_GCC_541\Debug\modbus_rtu.o
modbus_holding_registers_value
                    0x80              .\CortexM3\ARM_GCC_541\Debug\modbus_rtu.o
modbus_response_force_single_coil
                    0x8               .\CortexM3\ARM_GCC_541\Debug\modbus_rtu.o
modbus_response_coil_temp
                    0x9               .\CortexM3\ARM_GCC_541\Debug\modbus_rtu.o
modbus_response_read_holding_registers
                    0x85              .\CortexM3\ARM_GCC_541\Debug\modbus_rtu.o
modbus_response_force_multiple_coils
                    0x8               .\CortexM3\ARM_GCC_541\Debug\modbus_rtu.o
modbus_response_preset_single_register
                    0x8               .\CortexM3\ARM_GCC_541\Debug\modbus_rtu.o
modbus_response_discrete_input_temp
                    0x9               .\CortexM3\ARM_GCC_541\Debug\modbus_rtu.o
modbus_input_registers_value_L
                    0x40              .\CortexM3\ARM_GCC_541\Debug\modbus_rtu.o
modbus_coil_value   0x9               .\CortexM3\ARM_GCC_541\Debug\modbus_rtu.o
dieTemperature      0x2               .\CortexM3\ARM_GCC_541\Debug\Modbus_RTU_vP5_0.a(CyFlash.o)
modbus_holding_registers_value_L
                    0x40              .\CortexM3\ARM_GCC_541\Debug\modbus_rtu.o

Discarded input sections

 .text          0x00000000        0x0 c:/program files (x86)/cypress/psoc creator/4.4/psoc creator/import/gnu/arm/5.4.1/bin/../lib/gcc/arm-none-eabi/5.4.1/armv7-m/crti.o
 .data          0x00000000        0x0 c:/program files (x86)/cypress/psoc creator/4.4/psoc creator/import/gnu/arm/5.4.1/bin/../lib/gcc/arm-none-eabi/5.4.1/armv7-m/crti.o
 .bss           0x00000000        0x0 c:/program files (x86)/cypress/psoc creator/4.4/psoc creator/import/gnu/arm/5.4.1/bin/../lib/gcc/arm-none-eabi/5.4.1/armv7-m/crti.o
 .data          0x00000000        0x4 c:/program files (x86)/cypress/psoc creator/4.4/psoc creator/import/gnu/arm/5.4.1/bin/../lib/gcc/arm-none-eabi/5.4.1/armv7-m/crtbegin.o
 .text          0x00000000       0x74 c:/program files (x86)/cypress/psoc creator/4.4/psoc creator/import/gnu/arm/5.4.1/bin/../lib/gcc/arm-none-eabi/5.4.1/../../../../arm-none-eabi/lib/armv7-m/crt0.o
 .data          0x00000000        0x0 c:/program files (x86)/cypress/psoc creator/4.4/psoc creator/import/gnu/arm/5.4.1/bin/../lib/gcc/arm-none-eabi/5.4.1/../../../../arm-none-eabi/lib/armv7-m/crt0.o
 .bss           0x00000000        0x0 c:/program files (x86)/cypress/psoc creator/4.4/psoc creator/import/gnu/arm/5.4.1/bin/../lib/gcc/arm-none-eabi/5.4.1/../../../../arm-none-eabi/lib/armv7-m/crt0.o
 .ARM.extab     0x00000000        0x0 c:/program files (x86)/cypress/psoc creator/4.4/psoc creator/import/gnu/arm/5.4.1/bin/../lib/gcc/arm-none-eabi/5.4.1/../../../../arm-none-eabi/lib/armv7-m/crt0.o
 .ARM.exidx     0x00000000        0x8 c:/program files (x86)/cypress/psoc creator/4.4/psoc creator/import/gnu/arm/5.4.1/bin/../lib/gcc/arm-none-eabi/5.4.1/../../../../arm-none-eabi/lib/armv7-m/crt0.o
 .text          0x00000000        0x0 .\CortexM3\ARM_GCC_541\Debug\main.o
 .data          0x00000000        0x0 .\CortexM3\ARM_GCC_541\Debug\main.o
 .text          0x00000000        0x0 .\CortexM3\ARM_GCC_541\Debug\modbus_rtu.o
 .data          0x00000000        0x0 .\CortexM3\ARM_GCC_541\Debug\modbus_rtu.o
 .bss           0x00000000        0x0 .\CortexM3\ARM_GCC_541\Debug\modbus_rtu.o
 .text          0x00000000        0x0 .\CortexM3\ARM_GCC_541\Debug\cyfitter_cfg.o
 .data          0x00000000        0x0 .\CortexM3\ARM_GCC_541\Debug\cyfitter_cfg.o
 .bss           0x00000000        0x0 .\CortexM3\ARM_GCC_541\Debug\cyfitter_cfg.o
 .text.SetAnalogRoutingPumps
                0x00000000       0x10 .\CortexM3\ARM_GCC_541\Debug\cyfitter_cfg.o
 .text          0x00000000        0x0 .\CortexM3\ARM_GCC_541\Debug\cymetadata.o
 .data          0x00000000        0x0 .\CortexM3\ARM_GCC_541\Debug\cymetadata.o
 .bss           0x00000000        0x0 .\CortexM3\ARM_GCC_541\Debug\cymetadata.o
 .text          0x00000000        0x0 .\CortexM3\ARM_GCC_541\Debug\Cm3Start.o
 .data          0x00000000        0x4 .\CortexM3\ARM_GCC_541\Debug\Cm3Start.o
 .bss           0x00000000        0x0 .\CortexM3\ARM_GCC_541\Debug\Cm3Start.o
 .text._exit    0x00000000        0xc .\CortexM3\ARM_GCC_541\Debug\Cm3Start.o
 .text._sbrk    0x00000000       0x30 .\CortexM3\ARM_GCC_541\Debug\Cm3Start.o
 .text          0x00000000        0x0 .\CortexM3\ARM_GCC_541\Debug\Modbus_RTU_vP5_0.a(Status_LED.o)
 .data          0x00000000        0x0 .\CortexM3\ARM_GCC_541\Debug\Modbus_RTU_vP5_0.a(Status_LED.o)
 .bss           0x00000000        0x0 .\CortexM3\ARM_GCC_541\Debug\Modbus_RTU_vP5_0.a(Status_LED.o)
 .text.Status_LED_SetDriveMode
                0x00000000       0x18 .\CortexM3\ARM_GCC_541\Debug\Modbus_RTU_vP5_0.a(Status_LED.o)
 .text.Status_LED_Read
                0x00000000       0x10 .\CortexM3\ARM_GCC_541\Debug\Modbus_RTU_vP5_0.a(Status_LED.o)
 .text.Status_LED_ReadDataReg
                0x00000000       0x10 .\CortexM3\ARM_GCC_541\Debug\Modbus_RTU_vP5_0.a(Status_LED.o)
 .text          0x00000000        0x0 .\CortexM3\ARM_GCC_541\Debug\Modbus_RTU_vP5_0.a(CyLib.o)
 .text.CyUSB_PowerOnCheck
                0x00000000       0x48 .\CortexM3\ARM_GCC_541\Debug\Modbus_RTU_vP5_0.a(CyLib.o)
 .text.CyBusClk_Internal_SetDivider
                0x00000000       0x48 .\CortexM3\ARM_GCC_541\Debug\Modbus_RTU_vP5_0.a(CyLib.o)
 .text.CyPLL_OUT_Stop
                0x00000000       0x10 .\CortexM3\ARM_GCC_541\Debug\Modbus_RTU_vP5_0.a(CyLib.o)
 .text.CyIMO_Stop
                0x00000000       0x1c .\CortexM3\ARM_GCC_541\Debug\Modbus_RTU_vP5_0.a(CyLib.o)
 .text.CyIMO_EnableDoubler
                0x00000000       0x10 .\CortexM3\ARM_GCC_541\Debug\Modbus_RTU_vP5_0.a(CyLib.o)
 .text.CyIMO_DisableDoubler
                0x00000000       0x10 .\CortexM3\ARM_GCC_541\Debug\Modbus_RTU_vP5_0.a(CyLib.o)
 .text.CyMasterClk_SetSource
                0x00000000       0x18 .\CortexM3\ARM_GCC_541\Debug\Modbus_RTU_vP5_0.a(CyLib.o)
 .text.CyMasterClk_SetDivider
                0x00000000        0xc .\CortexM3\ARM_GCC_541\Debug\Modbus_RTU_vP5_0.a(CyLib.o)
 .text.CyBusClk_SetDivider
                0x00000000       0x70 .\CortexM3\ARM_GCC_541\Debug\Modbus_RTU_vP5_0.a(CyLib.o)
 .text.CyUsbClk_SetSource
                0x00000000       0x18 .\CortexM3\ARM_GCC_541\Debug\Modbus_RTU_vP5_0.a(CyLib.o)
 .text.CyILO_Start1K
                0x00000000       0x10 .\CortexM3\ARM_GCC_541\Debug\Modbus_RTU_vP5_0.a(CyLib.o)
 .text.CyILO_Stop1K
                0x00000000       0x10 .\CortexM3\ARM_GCC_541\Debug\Modbus_RTU_vP5_0.a(CyLib.o)
 .text.CyILO_Start100K
                0x00000000       0x10 .\CortexM3\ARM_GCC_541\Debug\Modbus_RTU_vP5_0.a(CyLib.o)
 .text.CyILO_Stop100K
                0x00000000       0x10 .\CortexM3\ARM_GCC_541\Debug\Modbus_RTU_vP5_0.a(CyLib.o)
 .text.CyPLL_OUT_Start
                0x00000000       0x78 .\CortexM3\ARM_GCC_541\Debug\Modbus_RTU_vP5_0.a(CyLib.o)
 .text.CyIMO_Start
                0x00000000       0x60 .\CortexM3\ARM_GCC_541\Debug\Modbus_RTU_vP5_0.a(CyLib.o)
 .text.CyILO_Enable33K
                0x00000000       0x10 .\CortexM3\ARM_GCC_541\Debug\Modbus_RTU_vP5_0.a(CyLib.o)
 .text.CyILO_Disable33K
                0x00000000       0x10 .\CortexM3\ARM_GCC_541\Debug\Modbus_RTU_vP5_0.a(CyLib.o)
 .text.CyILO_SetSource
                0x00000000       0x18 .\CortexM3\ARM_GCC_541\Debug\Modbus_RTU_vP5_0.a(CyLib.o)
 .text.CyILO_SetPowerMode
                0x00000000       0x24 .\CortexM3\ARM_GCC_541\Debug\Modbus_RTU_vP5_0.a(CyLib.o)
 .text.CyXTAL_32KHZ_Stop
                0x00000000       0x30 .\CortexM3\ARM_GCC_541\Debug\Modbus_RTU_vP5_0.a(CyLib.o)
 .text.CyXTAL_32KHZ_ReadStatus
                0x00000000       0x10 .\CortexM3\ARM_GCC_541\Debug\Modbus_RTU_vP5_0.a(CyLib.o)
 .text.CyXTAL_Start
                0x00000000       0xac .\CortexM3\ARM_GCC_541\Debug\Modbus_RTU_vP5_0.a(CyLib.o)
 .text.CyXTAL_Stop
                0x00000000       0x10 .\CortexM3\ARM_GCC_541\Debug\Modbus_RTU_vP5_0.a(CyLib.o)
 .text.CyXTAL_EnableErrStatus
                0x00000000       0x10 .\CortexM3\ARM_GCC_541\Debug\Modbus_RTU_vP5_0.a(CyLib.o)
 .text.CyXTAL_DisableErrStatus
                0x00000000       0x10 .\CortexM3\ARM_GCC_541\Debug\Modbus_RTU_vP5_0.a(CyLib.o)
 .text.CyXTAL_ReadStatus
                0x00000000       0x18 .\CortexM3\ARM_GCC_541\Debug\Modbus_RTU_vP5_0.a(CyLib.o)
 .text.CyXTAL_EnableFaultRecovery
                0x00000000       0x10 .\CortexM3\ARM_GCC_541\Debug\Modbus_RTU_vP5_0.a(CyLib.o)
 .text.CyXTAL_DisableFaultRecovery
                0x00000000       0x10 .\CortexM3\ARM_GCC_541\Debug\Modbus_RTU_vP5_0.a(CyLib.o)
 .text.CyXTAL_SetStartup
                0x00000000       0x18 .\CortexM3\ARM_GCC_541\Debug\Modbus_RTU_vP5_0.a(CyLib.o)
 .text.CyXTAL_SetFbVoltage
                0x00000000       0x18 .\CortexM3\ARM_GCC_541\Debug\Modbus_RTU_vP5_0.a(CyLib.o)
 .text.CyXTAL_SetWdVoltage
                0x00000000       0x18 .\CortexM3\ARM_GCC_541\Debug\Modbus_RTU_vP5_0.a(CyLib.o)
 .text.CyPLL_OUT_SetPQ
                0x00000000       0x60 .\CortexM3\ARM_GCC_541\Debug\Modbus_RTU_vP5_0.a(CyLib.o)
 .text.CyPLL_OUT_SetSource
                0x00000000       0x34 .\CortexM3\ARM_GCC_541\Debug\Modbus_RTU_vP5_0.a(CyLib.o)
 .text.CyIMO_SetTrimValue
                0x00000000       0xcc .\CortexM3\ARM_GCC_541\Debug\Modbus_RTU_vP5_0.a(CyLib.o)
 .text.CyIMO_SetFreq
                0x00000000       0xf4 .\CortexM3\ARM_GCC_541\Debug\Modbus_RTU_vP5_0.a(CyLib.o)
 .text.CyIMO_SetSource
                0x00000000       0x58 .\CortexM3\ARM_GCC_541\Debug\Modbus_RTU_vP5_0.a(CyLib.o)
 .text.CySoftwareReset
                0x00000000       0x10 .\CortexM3\ARM_GCC_541\Debug\Modbus_RTU_vP5_0.a(CyLib.o)
 .text.CyDelay  0x00000000       0x2c .\CortexM3\ARM_GCC_541\Debug\Modbus_RTU_vP5_0.a(CyLib.o)
 .text.CyXTAL_32KHZ_SetPowerMode
                0x00000000       0x84 .\CortexM3\ARM_GCC_541\Debug\Modbus_RTU_vP5_0.a(CyLib.o)
 .text.CyXTAL_32KHZ_Start
                0x00000000       0x74 .\CortexM3\ARM_GCC_541\Debug\Modbus_RTU_vP5_0.a(CyLib.o)
 .text.CyDelayFreq
                0x00000000       0x4c .\CortexM3\ARM_GCC_541\Debug\Modbus_RTU_vP5_0.a(CyLib.o)
 .text.CyWdtStart
                0x00000000       0x40 .\CortexM3\ARM_GCC_541\Debug\Modbus_RTU_vP5_0.a(CyLib.o)
 .text.CyWdtClear
                0x00000000        0xc .\CortexM3\ARM_GCC_541\Debug\Modbus_RTU_vP5_0.a(CyLib.o)
 .text.CyVdStickyStatus
                0x00000000       0x2c .\CortexM3\ARM_GCC_541\Debug\Modbus_RTU_vP5_0.a(CyLib.o)
 .text.CyVdLvDigitEnable
                0x00000000       0x84 .\CortexM3\ARM_GCC_541\Debug\Modbus_RTU_vP5_0.a(CyLib.o)
 .text.CyVdLvAnalogEnable
                0x00000000       0x80 .\CortexM3\ARM_GCC_541\Debug\Modbus_RTU_vP5_0.a(CyLib.o)
 .text.CyVdLvDigitDisable
                0x00000000       0x30 .\CortexM3\ARM_GCC_541\Debug\Modbus_RTU_vP5_0.a(CyLib.o)
 .text.CyVdLvAnalogDisable
                0x00000000       0x28 .\CortexM3\ARM_GCC_541\Debug\Modbus_RTU_vP5_0.a(CyLib.o)
 .text.CyVdHvAnalogEnable
                0x00000000       0x54 .\CortexM3\ARM_GCC_541\Debug\Modbus_RTU_vP5_0.a(CyLib.o)
 .text.CyVdHvAnalogDisable
                0x00000000       0x20 .\CortexM3\ARM_GCC_541\Debug\Modbus_RTU_vP5_0.a(CyLib.o)
 .text.CyVdRealTimeStatus
                0x00000000       0x1c .\CortexM3\ARM_GCC_541\Debug\Modbus_RTU_vP5_0.a(CyLib.o)
 .text.CyDisableInts
                0x00000000       0x1c .\CortexM3\ARM_GCC_541\Debug\Modbus_RTU_vP5_0.a(CyLib.o)
 .text.CyEnableInts
                0x00000000       0x18 .\CortexM3\ARM_GCC_541\Debug\Modbus_RTU_vP5_0.a(CyLib.o)
 .text.CyFlushCache
                0x00000000       0x44 .\CortexM3\ARM_GCC_541\Debug\Modbus_RTU_vP5_0.a(CyLib.o)
 .text.CyIntGetSysVector
                0x00000000       0x20 .\CortexM3\ARM_GCC_541\Debug\Modbus_RTU_vP5_0.a(CyLib.o)
 .text.CyIntSetVector
                0x00000000       0x28 .\CortexM3\ARM_GCC_541\Debug\Modbus_RTU_vP5_0.a(CyLib.o)
 .text.CyIntGetVector
                0x00000000       0x24 .\CortexM3\ARM_GCC_541\Debug\Modbus_RTU_vP5_0.a(CyLib.o)
 .text.CyIntSetPriority
                0x00000000       0x30 .\CortexM3\ARM_GCC_541\Debug\Modbus_RTU_vP5_0.a(CyLib.o)
 .text.CyIntGetPriority
                0x00000000       0x20 .\CortexM3\ARM_GCC_541\Debug\Modbus_RTU_vP5_0.a(CyLib.o)
 .text.CyIntGetState
                0x00000000       0x24 .\CortexM3\ARM_GCC_541\Debug\Modbus_RTU_vP5_0.a(CyLib.o)
 .text.CySysTickDisableInterrupt
                0x00000000       0x10 .\CortexM3\ARM_GCC_541\Debug\Modbus_RTU_vP5_0.a(CyLib.o)
 .text.CySysTickGetReload
                0x00000000       0x10 .\CortexM3\ARM_GCC_541\Debug\Modbus_RTU_vP5_0.a(CyLib.o)
 .text.CySysTickGetValue
                0x00000000       0x10 .\CortexM3\ARM_GCC_541\Debug\Modbus_RTU_vP5_0.a(CyLib.o)
 .text.CySysTickGetClockSource
                0x00000000       0x10 .\CortexM3\ARM_GCC_541\Debug\Modbus_RTU_vP5_0.a(CyLib.o)
 .text.CySysTickGetCallback
                0x00000000       0x10 .\CortexM3\ARM_GCC_541\Debug\Modbus_RTU_vP5_0.a(CyLib.o)
 .text.CyGetUniqueId
                0x00000000       0x70 .\CortexM3\ARM_GCC_541\Debug\Modbus_RTU_vP5_0.a(CyLib.o)
 .text          0x00000000        0x0 .\CortexM3\ARM_GCC_541\Debug\Modbus_RTU_vP5_0.a(cyPm.o)
 .data          0x00000000        0x0 .\CortexM3\ARM_GCC_541\Debug\Modbus_RTU_vP5_0.a(cyPm.o)
 .bss           0x00000000       0x43 .\CortexM3\ARM_GCC_541\Debug\Modbus_RTU_vP5_0.a(cyPm.o)
 .text.CyPmHibSlpSaveSet
                0x00000000      0x1dc .\CortexM3\ARM_GCC_541\Debug\Modbus_RTU_vP5_0.a(cyPm.o)
 .text.CyPmHibSlpRestore
                0x00000000       0xd8 .\CortexM3\ARM_GCC_541\Debug\Modbus_RTU_vP5_0.a(cyPm.o)
 .text.CyPmHviLviSaveDisable
                0x00000000       0xa0 .\CortexM3\ARM_GCC_541\Debug\Modbus_RTU_vP5_0.a(cyPm.o)
 .text.CyPmHibSaveSet
                0x00000000       0x98 .\CortexM3\ARM_GCC_541\Debug\Modbus_RTU_vP5_0.a(cyPm.o)
 .text.CyPmHviLviRestore
                0x00000000       0x48 .\CortexM3\ARM_GCC_541\Debug\Modbus_RTU_vP5_0.a(cyPm.o)
 .text.CyPmHibRestore
                0x00000000       0x60 .\CortexM3\ARM_GCC_541\Debug\Modbus_RTU_vP5_0.a(cyPm.o)
 .text.CyPmSaveClocks
                0x00000000      0x218 .\CortexM3\ARM_GCC_541\Debug\Modbus_RTU_vP5_0.a(cyPm.o)
 .text.CyPmRestoreClocks
                0x00000000      0x24c .\CortexM3\ARM_GCC_541\Debug\Modbus_RTU_vP5_0.a(cyPm.o)
 .text.CyPmAltAct
                0x00000000       0x6c .\CortexM3\ARM_GCC_541\Debug\Modbus_RTU_vP5_0.a(cyPm.o)
 .text.CyPmSleep
                0x00000000       0xf4 .\CortexM3\ARM_GCC_541\Debug\Modbus_RTU_vP5_0.a(cyPm.o)
 .text.CyPmHibernateEx
                0x00000000       0xf4 .\CortexM3\ARM_GCC_541\Debug\Modbus_RTU_vP5_0.a(cyPm.o)
 .text.CyPmHibernate
                0x00000000        0xc .\CortexM3\ARM_GCC_541\Debug\Modbus_RTU_vP5_0.a(cyPm.o)
 .text.CyPmReadStatus
                0x00000000       0x30 .\CortexM3\ARM_GCC_541\Debug\Modbus_RTU_vP5_0.a(cyPm.o)
 .text.CyPmCtwSetInterval
                0x00000000       0x5c .\CortexM3\ARM_GCC_541\Debug\Modbus_RTU_vP5_0.a(cyPm.o)
 .text.CyPmOppsSet
                0x00000000       0x2c .\CortexM3\ARM_GCC_541\Debug\Modbus_RTU_vP5_0.a(cyPm.o)
 .text.CyPmFtwSetInterval
                0x00000000       0x5c .\CortexM3\ARM_GCC_541\Debug\Modbus_RTU_vP5_0.a(cyPm.o)
 .rodata        0x00000000        0xf .\CortexM3\ARM_GCC_541\Debug\Modbus_RTU_vP5_0.a(cyPm.o)
 .text          0x00000000        0x0 .\CortexM3\ARM_GCC_541\Debug\Modbus_RTU_vP5_0.a(Modbus_RTU_Over_UART.o)
 .data          0x00000000        0x0 .\CortexM3\ARM_GCC_541\Debug\Modbus_RTU_vP5_0.a(Modbus_RTU_Over_UART.o)
 .text.Modbus_RTU_Over_UART_Stop
                0x00000000       0x3c .\CortexM3\ARM_GCC_541\Debug\Modbus_RTU_vP5_0.a(Modbus_RTU_Over_UART.o)
 .text.Modbus_RTU_Over_UART_ReadControlRegister
                0x00000000        0x4 .\CortexM3\ARM_GCC_541\Debug\Modbus_RTU_vP5_0.a(Modbus_RTU_Over_UART.o)
 .text.Modbus_RTU_Over_UART_WriteControlRegister
                0x00000000        0x4 .\CortexM3\ARM_GCC_541\Debug\Modbus_RTU_vP5_0.a(Modbus_RTU_Over_UART.o)
 .text.Modbus_RTU_Over_UART_SetRxInterruptMode
                0x00000000        0xc .\CortexM3\ARM_GCC_541\Debug\Modbus_RTU_vP5_0.a(Modbus_RTU_Over_UART.o)
 .text.Modbus_RTU_Over_UART_ReadRxData
                0x00000000        0xc .\CortexM3\ARM_GCC_541\Debug\Modbus_RTU_vP5_0.a(Modbus_RTU_Over_UART.o)
 .text.Modbus_RTU_Over_UART_GetByte
                0x00000000       0x14 .\CortexM3\ARM_GCC_541\Debug\Modbus_RTU_vP5_0.a(Modbus_RTU_Over_UART.o)
 .text.Modbus_RTU_Over_UART_GetRxBufferSize
                0x00000000       0x18 .\CortexM3\ARM_GCC_541\Debug\Modbus_RTU_vP5_0.a(Modbus_RTU_Over_UART.o)
 .text.Modbus_RTU_Over_UART_SetRxAddressMode
                0x00000000        0x4 .\CortexM3\ARM_GCC_541\Debug\Modbus_RTU_vP5_0.a(Modbus_RTU_Over_UART.o)
 .text.Modbus_RTU_Over_UART_SetRxAddress1
                0x00000000        0xc .\CortexM3\ARM_GCC_541\Debug\Modbus_RTU_vP5_0.a(Modbus_RTU_Over_UART.o)
 .text.Modbus_RTU_Over_UART_SetRxAddress2
                0x00000000        0xc .\CortexM3\ARM_GCC_541\Debug\Modbus_RTU_vP5_0.a(Modbus_RTU_Over_UART.o)
 .text.Modbus_RTU_Over_UART_SetTxInterruptMode
                0x00000000        0xc .\CortexM3\ARM_GCC_541\Debug\Modbus_RTU_vP5_0.a(Modbus_RTU_Over_UART.o)
 .text.Modbus_RTU_Over_UART_WriteTxData
                0x00000000       0x14 .\CortexM3\ARM_GCC_541\Debug\Modbus_RTU_vP5_0.a(Modbus_RTU_Over_UART.o)
 .text.Modbus_RTU_Over_UART_ReadTxStatus
                0x00000000        0xc .\CortexM3\ARM_GCC_541\Debug\Modbus_RTU_vP5_0.a(Modbus_RTU_Over_UART.o)
 .text.Modbus_RTU_Over_UART_PutString
                0x00000000       0x24 .\CortexM3\ARM_GCC_541\Debug\Modbus_RTU_vP5_0.a(Modbus_RTU_Over_UART.o)
 .text.Modbus_RTU_Over_UART_PutArray
                0x00000000       0x28 .\CortexM3\ARM_GCC_541\Debug\Modbus_RTU_vP5_0.a(Modbus_RTU_Over_UART.o)
 .text.Modbus_RTU_Over_UART_PutCRLF
                0x00000000       0x20 .\CortexM3\ARM_GCC_541\Debug\Modbus_RTU_vP5_0.a(Modbus_RTU_Over_UART.o)
 .text.Modbus_RTU_Over_UART_GetTxBufferSize
                0x00000000       0x24 .\CortexM3\ARM_GCC_541\Debug\Modbus_RTU_vP5_0.a(Modbus_RTU_Over_UART.o)
 .text.Modbus_RTU_Over_UART_ClearTxBuffer
                0x00000000       0x24 .\CortexM3\ARM_GCC_541\Debug\Modbus_RTU_vP5_0.a(Modbus_RTU_Over_UART.o)
 .text.Modbus_RTU_Over_UART_SendBreak
                0x00000000       0x5c .\CortexM3\ARM_GCC_541\Debug\Modbus_RTU_vP5_0.a(Modbus_RTU_Over_UART.o)
 .text.Modbus_RTU_Over_UART_SetTxAddressMode
                0x00000000        0x4 .\CortexM3\ARM_GCC_541\Debug\Modbus_RTU_vP5_0.a(Modbus_RTU_Over_UART.o)
 .text          0x00000000        0x0 .\CortexM3\ARM_GCC_541\Debug\Modbus_RTU_vP5_0.a(ISR_MBRTU_UART_Rx.o)
 .data          0x00000000        0x0 .\CortexM3\ARM_GCC_541\Debug\Modbus_RTU_vP5_0.a(ISR_MBRTU_UART_Rx.o)
 .bss           0x00000000        0x0 .\CortexM3\ARM_GCC_541\Debug\Modbus_RTU_vP5_0.a(ISR_MBRTU_UART_Rx.o)
 .text.ISR_MBRTU_UART_Rx_Interrupt
                0x00000000        0x4 .\CortexM3\ARM_GCC_541\Debug\Modbus_RTU_vP5_0.a(ISR_MBRTU_UART_Rx.o)
 .text.ISR_MBRTU_UART_Rx_GetVector
                0x00000000        0xc .\CortexM3\ARM_GCC_541\Debug\Modbus_RTU_vP5_0.a(ISR_MBRTU_UART_Rx.o)
 .text.ISR_MBRTU_UART_Rx_GetPriority
                0x00000000        0xc .\CortexM3\ARM_GCC_541\Debug\Modbus_RTU_vP5_0.a(ISR_MBRTU_UART_Rx.o)
 .text.ISR_MBRTU_UART_Rx_GetState
                0x00000000       0x10 .\CortexM3\ARM_GCC_541\Debug\Modbus_RTU_vP5_0.a(ISR_MBRTU_UART_Rx.o)
 .text.ISR_MBRTU_UART_Rx_Start
                0x00000000       0x1c .\CortexM3\ARM_GCC_541\Debug\Modbus_RTU_vP5_0.a(ISR_MBRTU_UART_Rx.o)
 .text.ISR_MBRTU_UART_Rx_Stop
                0x00000000       0x14 .\CortexM3\ARM_GCC_541\Debug\Modbus_RTU_vP5_0.a(ISR_MBRTU_UART_Rx.o)
 .text.ISR_MBRTU_UART_Rx_SetPending
                0x00000000        0xc .\CortexM3\ARM_GCC_541\Debug\Modbus_RTU_vP5_0.a(ISR_MBRTU_UART_Rx.o)
 .text.ISR_MBRTU_UART_Rx_ClearPending
                0x00000000        0xc .\CortexM3\ARM_GCC_541\Debug\Modbus_RTU_vP5_0.a(ISR_MBRTU_UART_Rx.o)
 .text          0x00000000        0x0 .\CortexM3\ARM_GCC_541\Debug\Modbus_RTU_vP5_0.a(Modbus_RTU_Over_UART_IntClock.o)
 .data          0x00000000        0x0 .\CortexM3\ARM_GCC_541\Debug\Modbus_RTU_vP5_0.a(Modbus_RTU_Over_UART_IntClock.o)
 .bss           0x00000000        0x0 .\CortexM3\ARM_GCC_541\Debug\Modbus_RTU_vP5_0.a(Modbus_RTU_Over_UART_IntClock.o)
 .text.Modbus_RTU_Over_UART_IntClock_Stop
                0x00000000       0x1c .\CortexM3\ARM_GCC_541\Debug\Modbus_RTU_vP5_0.a(Modbus_RTU_Over_UART_IntClock.o)
 .text.Modbus_RTU_Over_UART_IntClock_StopBlock
                0x00000000       0x6c .\CortexM3\ARM_GCC_541\Debug\Modbus_RTU_vP5_0.a(Modbus_RTU_Over_UART_IntClock.o)
 .text.Modbus_RTU_Over_UART_IntClock_StandbyPower
                0x00000000       0x20 .\CortexM3\ARM_GCC_541\Debug\Modbus_RTU_vP5_0.a(Modbus_RTU_Over_UART_IntClock.o)
 .text.Modbus_RTU_Over_UART_IntClock_GetDividerRegister
                0x00000000        0xc .\CortexM3\ARM_GCC_541\Debug\Modbus_RTU_vP5_0.a(Modbus_RTU_Over_UART_IntClock.o)
 .text.Modbus_RTU_Over_UART_IntClock_SetModeRegister
                0x00000000       0x14 .\CortexM3\ARM_GCC_541\Debug\Modbus_RTU_vP5_0.a(Modbus_RTU_Over_UART_IntClock.o)
 .text.Modbus_RTU_Over_UART_IntClock_ClearModeRegister
                0x00000000       0x18 .\CortexM3\ARM_GCC_541\Debug\Modbus_RTU_vP5_0.a(Modbus_RTU_Over_UART_IntClock.o)
 .text.Modbus_RTU_Over_UART_IntClock_GetModeRegister
                0x00000000       0x10 .\CortexM3\ARM_GCC_541\Debug\Modbus_RTU_vP5_0.a(Modbus_RTU_Over_UART_IntClock.o)
 .text.Modbus_RTU_Over_UART_IntClock_GetSourceRegister
                0x00000000       0x10 .\CortexM3\ARM_GCC_541\Debug\Modbus_RTU_vP5_0.a(Modbus_RTU_Over_UART_IntClock.o)
 .text.Modbus_RTU_Over_UART_IntClock_SetDividerRegister
                0x00000000       0xd8 .\CortexM3\ARM_GCC_541\Debug\Modbus_RTU_vP5_0.a(Modbus_RTU_Over_UART_IntClock.o)
 .text.Modbus_RTU_Over_UART_IntClock_SetSourceRegister
                0x00000000       0x5c .\CortexM3\ARM_GCC_541\Debug\Modbus_RTU_vP5_0.a(Modbus_RTU_Over_UART_IntClock.o)
 .text          0x00000000        0x0 .\CortexM3\ARM_GCC_541\Debug\Modbus_RTU_vP5_0.a(EEPROM.o)
 .data          0x00000000        0x0 .\CortexM3\ARM_GCC_541\Debug\Modbus_RTU_vP5_0.a(EEPROM.o)
 .bss           0x00000000        0x0 .\CortexM3\ARM_GCC_541\Debug\Modbus_RTU_vP5_0.a(EEPROM.o)
 .text.EEPROM_Stop
                0x00000000        0x8 .\CortexM3\ARM_GCC_541\Debug\Modbus_RTU_vP5_0.a(EEPROM.o)
 .text.EEPROM_UpdateTemperature
                0x00000000        0xc .\CortexM3\ARM_GCC_541\Debug\Modbus_RTU_vP5_0.a(EEPROM.o)
 .text.EEPROM_EraseSector
                0x00000000       0x64 .\CortexM3\ARM_GCC_541\Debug\Modbus_RTU_vP5_0.a(EEPROM.o)
 .text.EEPROM_Write
                0x00000000       0xb4 .\CortexM3\ARM_GCC_541\Debug\Modbus_RTU_vP5_0.a(EEPROM.o)
 .text.EEPROM_StartWrite
                0x00000000       0x88 .\CortexM3\ARM_GCC_541\Debug\Modbus_RTU_vP5_0.a(EEPROM.o)
 .text.EEPROM_StartErase
                0x00000000       0x30 .\CortexM3\ARM_GCC_541\Debug\Modbus_RTU_vP5_0.a(EEPROM.o)
 .text.EEPROM_Query
                0x00000000       0x40 .\CortexM3\ARM_GCC_541\Debug\Modbus_RTU_vP5_0.a(EEPROM.o)
 .text.EEPROM_ByteWritePos
                0x00000000       0xc8 .\CortexM3\ARM_GCC_541\Debug\Modbus_RTU_vP5_0.a(EEPROM.o)
 .data          0x00000000        0x0 .\CortexM3\ARM_GCC_541\Debug\Modbus_RTU_vP5_0.a(CyBootAsmGnu.o)
 .bss           0x00000000        0x0 .\CortexM3\ARM_GCC_541\Debug\Modbus_RTU_vP5_0.a(CyBootAsmGnu.o)
 .text          0x00000000        0x0 .\CortexM3\ARM_GCC_541\Debug\Modbus_RTU_vP5_0.a(CyFlash.o)
 .data          0x00000000        0x0 .\CortexM3\ARM_GCC_541\Debug\Modbus_RTU_vP5_0.a(CyFlash.o)
 .bss           0x00000000        0x0 .\CortexM3\ARM_GCC_541\Debug\Modbus_RTU_vP5_0.a(CyFlash.o)
 .text.CyFlash_Start
                0x00000000       0x54 .\CortexM3\ARM_GCC_541\Debug\Modbus_RTU_vP5_0.a(CyFlash.o)
 .text.CyFlash_Stop
                0x00000000       0x24 .\CortexM3\ARM_GCC_541\Debug\Modbus_RTU_vP5_0.a(CyFlash.o)
 .text.CyFlash_EraseRow
                0x00000000       0x78 .\CortexM3\ARM_GCC_541\Debug\Modbus_RTU_vP5_0.a(CyFlash.o)
 .text.CySetFlashEEBuffer
                0x00000000       0x20 .\CortexM3\ARM_GCC_541\Debug\Modbus_RTU_vP5_0.a(CyFlash.o)
 .text.CyWriteRowFull
                0x00000000       0xf8 .\CortexM3\ARM_GCC_541\Debug\Modbus_RTU_vP5_0.a(CyFlash.o)
 .text.CyWriteRowData
                0x00000000       0x14 .\CortexM3\ARM_GCC_541\Debug\Modbus_RTU_vP5_0.a(CyFlash.o)
 .text.CyFlash_SetWaitCycles
                0x00000000       0x7c .\CortexM3\ARM_GCC_541\Debug\Modbus_RTU_vP5_0.a(CyFlash.o)
 .text.CyEEPROM_Stop
                0x00000000       0x24 .\CortexM3\ARM_GCC_541\Debug\Modbus_RTU_vP5_0.a(CyFlash.o)
 .text          0x00000000        0x0 .\CortexM3\ARM_GCC_541\Debug\Modbus_RTU_vP5_0.a(CySpc.o)
 .data          0x00000000        0x0 .\CortexM3\ARM_GCC_541\Debug\Modbus_RTU_vP5_0.a(CySpc.o)
 .text.CySpcStop
                0x00000000       0x24 .\CortexM3\ARM_GCC_541\Debug\Modbus_RTU_vP5_0.a(CySpc.o)
 .text.CySpcLoadRow
                0x00000000       0x50 .\CortexM3\ARM_GCC_541\Debug\Modbus_RTU_vP5_0.a(CySpc.o)
 .text.CySpcLoadRowFull
                0x00000000       0x80 .\CortexM3\ARM_GCC_541\Debug\Modbus_RTU_vP5_0.a(CySpc.o)
 .text.CySpcEraseSector
                0x00000000       0x3c .\CortexM3\ARM_GCC_541\Debug\Modbus_RTU_vP5_0.a(CySpc.o)
 .text.CySpcEraseRow
                0x00000000       0x4c .\CortexM3\ARM_GCC_541\Debug\Modbus_RTU_vP5_0.a(CySpc.o)
 .text          0x00000000        0x0 c:/program files (x86)/cypress/psoc creator/4.4/psoc creator/import/gnu/arm/5.4.1/bin/../lib/gcc/arm-none-eabi/5.4.1/../../../../arm-none-eabi/lib/armv7-m\libg_nano.a(lib_a-errno.o)
 .data          0x00000000        0x0 c:/program files (x86)/cypress/psoc creator/4.4/psoc creator/import/gnu/arm/5.4.1/bin/../lib/gcc/arm-none-eabi/5.4.1/../../../../arm-none-eabi/lib/armv7-m\libg_nano.a(lib_a-errno.o)
 .bss           0x00000000        0x0 c:/program files (x86)/cypress/psoc creator/4.4/psoc creator/import/gnu/arm/5.4.1/bin/../lib/gcc/arm-none-eabi/5.4.1/../../../../arm-none-eabi/lib/armv7-m\libg_nano.a(lib_a-errno.o)
 .text          0x00000000        0x0 c:/program files (x86)/cypress/psoc creator/4.4/psoc creator/import/gnu/arm/5.4.1/bin/../lib/gcc/arm-none-eabi/5.4.1/../../../../arm-none-eabi/lib/armv7-m\libg_nano.a(lib_a-exit.o)
 .data          0x00000000        0x0 c:/program files (x86)/cypress/psoc creator/4.4/psoc creator/import/gnu/arm/5.4.1/bin/../lib/gcc/arm-none-eabi/5.4.1/../../../../arm-none-eabi/lib/armv7-m\libg_nano.a(lib_a-exit.o)
 .bss           0x00000000        0x0 c:/program files (x86)/cypress/psoc creator/4.4/psoc creator/import/gnu/arm/5.4.1/bin/../lib/gcc/arm-none-eabi/5.4.1/../../../../arm-none-eabi/lib/armv7-m\libg_nano.a(lib_a-exit.o)
 .text.exit     0x00000000       0x28 c:/program files (x86)/cypress/psoc creator/4.4/psoc creator/import/gnu/arm/5.4.1/bin/../lib/gcc/arm-none-eabi/5.4.1/../../../../arm-none-eabi/lib/armv7-m\libg_nano.a(lib_a-exit.o)
 .text          0x00000000        0x0 c:/program files (x86)/cypress/psoc creator/4.4/psoc creator/import/gnu/arm/5.4.1/bin/../lib/gcc/arm-none-eabi/5.4.1/../../../../arm-none-eabi/lib/armv7-m\libg_nano.a(lib_a-impure.o)
 .data          0x00000000        0x0 c:/program files (x86)/cypress/psoc creator/4.4/psoc creator/import/gnu/arm/5.4.1/bin/../lib/gcc/arm-none-eabi/5.4.1/../../../../arm-none-eabi/lib/armv7-m\libg_nano.a(lib_a-impure.o)
 .bss           0x00000000        0x0 c:/program files (x86)/cypress/psoc creator/4.4/psoc creator/import/gnu/arm/5.4.1/bin/../lib/gcc/arm-none-eabi/5.4.1/../../../../arm-none-eabi/lib/armv7-m\libg_nano.a(lib_a-impure.o)
 .rodata._global_impure_ptr
                0x00000000        0x4 c:/program files (x86)/cypress/psoc creator/4.4/psoc creator/import/gnu/arm/5.4.1/bin/../lib/gcc/arm-none-eabi/5.4.1/../../../../arm-none-eabi/lib/armv7-m\libg_nano.a(lib_a-impure.o)
 .text          0x00000000        0x0 c:/program files (x86)/cypress/psoc creator/4.4/psoc creator/import/gnu/arm/5.4.1/bin/../lib/gcc/arm-none-eabi/5.4.1/../../../../arm-none-eabi/lib/armv7-m\libg_nano.a(lib_a-init.o)
 .data          0x00000000        0x0 c:/program files (x86)/cypress/psoc creator/4.4/psoc creator/import/gnu/arm/5.4.1/bin/../lib/gcc/arm-none-eabi/5.4.1/../../../../arm-none-eabi/lib/armv7-m\libg_nano.a(lib_a-init.o)
 .bss           0x00000000        0x0 c:/program files (x86)/cypress/psoc creator/4.4/psoc creator/import/gnu/arm/5.4.1/bin/../lib/gcc/arm-none-eabi/5.4.1/../../../../arm-none-eabi/lib/armv7-m\libg_nano.a(lib_a-init.o)
 .text          0x00000000        0x0 c:/program files (x86)/cypress/psoc creator/4.4/psoc creator/import/gnu/arm/5.4.1/bin/../lib/gcc/arm-none-eabi/5.4.1/../../../../arm-none-eabi/lib/armv7-m\libg_nano.a(lib_a-memcpy-stub.o)
 .data          0x00000000        0x0 c:/program files (x86)/cypress/psoc creator/4.4/psoc creator/import/gnu/arm/5.4.1/bin/../lib/gcc/arm-none-eabi/5.4.1/../../../../arm-none-eabi/lib/armv7-m\libg_nano.a(lib_a-memcpy-stub.o)
 .bss           0x00000000        0x0 c:/program files (x86)/cypress/psoc creator/4.4/psoc creator/import/gnu/arm/5.4.1/bin/../lib/gcc/arm-none-eabi/5.4.1/../../../../arm-none-eabi/lib/armv7-m\libg_nano.a(lib_a-memcpy-stub.o)
 .text          0x00000000        0x0 c:/program files (x86)/cypress/psoc creator/4.4/psoc creator/import/gnu/arm/5.4.1/bin/../lib/gcc/arm-none-eabi/5.4.1/../../../../arm-none-eabi/lib/armv7-m\libg_nano.a(lib_a-memset.o)
 .data          0x00000000        0x0 c:/program files (x86)/cypress/psoc creator/4.4/psoc creator/import/gnu/arm/5.4.1/bin/../lib/gcc/arm-none-eabi/5.4.1/../../../../arm-none-eabi/lib/armv7-m\libg_nano.a(lib_a-memset.o)
 .bss           0x00000000        0x0 c:/program files (x86)/cypress/psoc creator/4.4/psoc creator/import/gnu/arm/5.4.1/bin/../lib/gcc/arm-none-eabi/5.4.1/../../../../arm-none-eabi/lib/armv7-m\libg_nano.a(lib_a-memset.o)
 .text          0x00000000        0x0 c:/program files (x86)/cypress/psoc creator/4.4/psoc creator/import/gnu/arm/5.4.1/bin/../lib/gcc/arm-none-eabi/5.4.1/armv7-m/crtend.o
 .data          0x00000000        0x0 c:/program files (x86)/cypress/psoc creator/4.4/psoc creator/import/gnu/arm/5.4.1/bin/../lib/gcc/arm-none-eabi/5.4.1/armv7-m/crtend.o
 .bss           0x00000000        0x0 c:/program files (x86)/cypress/psoc creator/4.4/psoc creator/import/gnu/arm/5.4.1/bin/../lib/gcc/arm-none-eabi/5.4.1/armv7-m/crtend.o
 .text          0x00000000        0x0 c:/program files (x86)/cypress/psoc creator/4.4/psoc creator/import/gnu/arm/5.4.1/bin/../lib/gcc/arm-none-eabi/5.4.1/armv7-m/crtn.o
 .data          0x00000000        0x0 c:/program files (x86)/cypress/psoc creator/4.4/psoc creator/import/gnu/arm/5.4.1/bin/../lib/gcc/arm-none-eabi/5.4.1/armv7-m/crtn.o
 .bss           0x00000000        0x0 c:/program files (x86)/cypress/psoc creator/4.4/psoc creator/import/gnu/arm/5.4.1/bin/../lib/gcc/arm-none-eabi/5.4.1/armv7-m/crtn.o

Memory Configuration

Name             Origin             Length             Attributes
rom              0x00000000         0x00040000         xr
ram              0x1fff8000         0x00010000         xrw
*default*        0x00000000         0xffffffff

Linker script and memory map

LOAD c:/program files (x86)/cypress/psoc creator/4.4/psoc creator/import/gnu/arm/5.4.1/bin/../lib/gcc/arm-none-eabi/5.4.1/armv7-m/crti.o
LOAD c:/program files (x86)/cypress/psoc creator/4.4/psoc creator/import/gnu/arm/5.4.1/bin/../lib/gcc/arm-none-eabi/5.4.1/armv7-m/crtbegin.o
LOAD c:/program files (x86)/cypress/psoc creator/4.4/psoc creator/import/gnu/arm/5.4.1/bin/../lib/gcc/arm-none-eabi/5.4.1/../../../../arm-none-eabi/lib/armv7-m/crt0.o
START GROUP
LOAD .\CortexM3\ARM_GCC_541\Debug\main.o
LOAD .\CortexM3\ARM_GCC_541\Debug\modbus_rtu.o
LOAD .\CortexM3\ARM_GCC_541\Debug\cyfitter_cfg.o
LOAD .\CortexM3\ARM_GCC_541\Debug\cymetadata.o
LOAD .\CortexM3\ARM_GCC_541\Debug\Cm3Start.o
LOAD .\CortexM3\ARM_GCC_541\Debug\Modbus_RTU_vP5_0.a
LOAD C:\Program Files (x86)\Cypress\PSoC Creator\4.4\PSoC Creator\psoc\content\cycomponentlibrary\CyComponentLibrary.cylib\CortexM3\ARM_GCC_541\Debug\CyComponentLibrary.a
END GROUP
START GROUP
LOAD c:/program files (x86)/cypress/psoc creator/4.4/psoc creator/import/gnu/arm/5.4.1/bin/../lib/gcc/arm-none-eabi/5.4.1/armv7-m\libgcc.a
LOAD c:/program files (x86)/cypress/psoc creator/4.4/psoc creator/import/gnu/arm/5.4.1/bin/../lib/gcc/arm-none-eabi/5.4.1/../../../../arm-none-eabi/lib/armv7-m\libg_nano.a
LOAD c:/program files (x86)/cypress/psoc creator/4.4/psoc creator/import/gnu/arm/5.4.1/bin/../lib/gcc/arm-none-eabi/5.4.1/../../../../arm-none-eabi/lib/armv7-m\libc_nano.a
END GROUP
START GROUP
LOAD c:/program files (x86)/cypress/psoc creator/4.4/psoc creator/import/gnu/arm/5.4.1/bin/../lib/gcc/arm-none-eabi/5.4.1/armv7-m\libgcc.a
LOAD c:/program files (x86)/cypress/psoc creator/4.4/psoc creator/import/gnu/arm/5.4.1/bin/../lib/gcc/arm-none-eabi/5.4.1/../../../../arm-none-eabi/lib/armv7-m\libc_nano.a
END GROUP
LOAD c:/program files (x86)/cypress/psoc creator/4.4/psoc creator/import/gnu/arm/5.4.1/bin/../lib/gcc/arm-none-eabi/5.4.1/armv7-m/crtend.o
LOAD c:/program files (x86)/cypress/psoc creator/4.4/psoc creator/import/gnu/arm/5.4.1/bin/../lib/gcc/arm-none-eabi/5.4.1/armv7-m/crtn.o
START GROUP
LOAD c:/program files (x86)/cypress/psoc creator/4.4/psoc creator/import/gnu/arm/5.4.1/bin/../lib/gcc/arm-none-eabi/5.4.1/armv7-m\libgcc.a
LOAD c:/program files (x86)/cypress/psoc creator/4.4/psoc creator/import/gnu/arm/5.4.1/bin/../lib/gcc/arm-none-eabi/5.4.1/../../../../arm-none-eabi/lib/armv7-m\libc.a
LOAD c:/program files (x86)/cypress/psoc creator/4.4/psoc creator/import/gnu/arm/5.4.1/bin/../lib/gcc/arm-none-eabi/5.4.1/../../../../arm-none-eabi/lib/armv7-m\libnosys.a
END GROUP
                0x00000000                CY_APPL_ORIGIN = 0x0
                0x00000100                CY_FLASH_ROW_SIZE = 0x100
                0x00000020                CY_ECC_ROW_SIZE = 0x20
                0x00000000                CY_EE_IN_BTLDR = 0x0
                0x00000000                CY_APPL_LOADABLE = 0x0
                0x00000800                CY_EE_SIZE = 0x800
                0x00000001                CY_APPL_NUM = 0x1
                0x00000001                CY_APPL_MAX = 0x1
                0x00000040                CY_METADATA_SIZE = 0x40
                0x00000000                CY_APPL_LOADABLE = 0x0
                0x00000000                CY_CHECKSUM_EXCLUDE_SIZE = ALIGN (0x0, CY_FLASH_ROW_SIZE)
                [!provide]                PROVIDE (__cy_heap_start, _end)
                0x00000001                PROVIDE (__cy_region_num, ((__cy_regions_end - __cy_regions) / 0x10))
                0x20008000                PROVIDE (__cy_stack, (ORIGIN (ram) + LENGTH (ram)))
                [!provide]                PROVIDE (__cy_heap_end, (__cy_stack - 0x800))

.cybootloader   0x00000000        0x0
 *(.cybootloader)
                0x00000000                appl1_start = CY_APPL_ORIGIN?CY_APPL_ORIGIN:ALIGN (CY_FLASH_ROW_SIZE)
                0x0001ff00                appl2_start = (appl1_start + ALIGN ((((LENGTH (rom) - appl1_start) - (0x2 * CY_FLASH_ROW_SIZE)) / 0x2), CY_FLASH_ROW_SIZE))
                0x00000000                appl_start = (CY_APPL_NUM == 0x1)?appl1_start:appl2_start
                0x00000000                ecc_offset = ((appl_start / CY_FLASH_ROW_SIZE) * CY_ECC_ROW_SIZE)
                0x00000000                ee_offset = (CY_APPL_LOADABLE && ! (CY_EE_IN_BTLDR))?((CY_EE_SIZE / CY_APPL_MAX) * (CY_APPL_NUM - 0x1)):0x0
                0x00000800                ee_size = (CY_APPL_LOADABLE && ! (CY_EE_IN_BTLDR))?(CY_EE_SIZE / CY_APPL_MAX):CY_EE_SIZE
                [!provide]                PROVIDE (CY_ECC_OFFSET, ecc_offset)

.text           0x00000000     0x1e3a
 CREATE_OBJECT_SYMBOLS
                0x00000000                PROVIDE (__cy_interrupt_vector, RomVectors)
 *(.romvectors)
 .romvectors    0x00000000       0x10 .\CortexM3\ARM_GCC_541\Debug\Cm3Start.o
                0x00000000                RomVectors
                0x00000001                ASSERT ((. != __cy_interrupt_vector), No interrupt vector)
                0x00000001                ASSERT (CY_APPL_ORIGIN?(SIZEOF (.cybootloader) <= CY_APPL_ORIGIN):0x1, Wrong image location)
                0x00000010                PROVIDE (__cy_reset, Reset)
 *(.text.Reset)
 .text.Reset    0x00000010       0x18 .\CortexM3\ARM_GCC_541\Debug\Cm3Start.o
                0x00000010                Reset
                0x00000001                ASSERT ((. != __cy_reset), No reset code)
 *(.dma_init)
                0x00000001                ASSERT ((((appl_start + .) <= 0x10000) || 0x1), DMA Init must be within the first 64k of flash)
 *(.text .text.* .gnu.linkonce.t.*)
 .text          0x00000028       0x5c c:/program files (x86)/cypress/psoc creator/4.4/psoc creator/import/gnu/arm/5.4.1/bin/../lib/gcc/arm-none-eabi/5.4.1/armv7-m/crtbegin.o
 .text.ISRModbusRTUOverUARTRxHandler
                0x00000084       0x80 .\CortexM3\ARM_GCC_541\Debug\main.o
                0x00000084                ISRModbusRTUOverUARTRxHandler
 .text.MySysTickHandler
                0x00000104       0x28 .\CortexM3\ARM_GCC_541\Debug\main.o
                0x00000104                MySysTickHandler
 .text.read_eeprom
                0x0000012c       0xcc .\CortexM3\ARM_GCC_541\Debug\main.o
                0x0000012c                read_eeprom
 .text.update_eeprom
                0x000001f8       0xdc .\CortexM3\ARM_GCC_541\Debug\main.o
                0x000001f8                update_eeprom
 .text.initialize_eeprom
                0x000002d4       0xa0 .\CortexM3\ARM_GCC_541\Debug\main.o
                0x000002d4                initialize_eeprom
 .text.system_initialize
                0x00000374       0x5c .\CortexM3\ARM_GCC_541\Debug\main.o
                0x00000374                system_initialize
 .text.main     0x000003d0      0x1c4 .\CortexM3\ARM_GCC_541\Debug\main.o
                0x000003d0                main
 .text.CRC16    0x00000594       0x30 .\CortexM3\ARM_GCC_541\Debug\modbus_rtu.o
                0x00000594                CRC16
 .text.reverse_data
                0x000005c4       0x50 .\CortexM3\ARM_GCC_541\Debug\modbus_rtu.o
                0x000005c4                reverse_data
 .text.query_response_read_coil
                0x00000614      0x1d4 .\CortexM3\ARM_GCC_541\Debug\modbus_rtu.o
                0x00000614                query_response_read_coil
 .text.query_response_read_discrete_input
                0x000007e8      0x1ac .\CortexM3\ARM_GCC_541\Debug\modbus_rtu.o
                0x000007e8                query_response_read_discrete_input
 .text.query_response_force_single_coil
                0x00000994      0x144 .\CortexM3\ARM_GCC_541\Debug\modbus_rtu.o
                0x00000994                query_response_force_single_coil
 .text.query_response_force_multiple_coils
                0x00000ad8      0x490 .\CortexM3\ARM_GCC_541\Debug\modbus_rtu.o
                0x00000ad8                query_response_force_multiple_coils
 .text.query_response_read_holding_registers
                0x00000f68      0x128 .\CortexM3\ARM_GCC_541\Debug\modbus_rtu.o
                0x00000f68                query_response_read_holding_registers
 .text.query_response_read_input_registers
                0x00001090      0x128 .\CortexM3\ARM_GCC_541\Debug\modbus_rtu.o
                0x00001090                query_response_read_input_registers
 .text.query_response_preset_single_register
                0x000011b8       0xb8 .\CortexM3\ARM_GCC_541\Debug\modbus_rtu.o
                0x000011b8                query_response_preset_single_register
 .text.query_response_preset_multiple_registers
                0x00001270      0x110 .\CortexM3\ARM_GCC_541\Debug\modbus_rtu.o
                0x00001270                query_response_preset_multiple_registers
 .text.CyClockStartupError
                0x00001380        0x4 .\CortexM3\ARM_GCC_541\Debug\cyfitter_cfg.o
 .text.cfg_write_bytes32
                0x00001384       0x34 .\CortexM3\ARM_GCC_541\Debug\cyfitter_cfg.o
 .text.AnalogSetDefault
                0x000013b8       0x28 .\CortexM3\ARM_GCC_541\Debug\cyfitter_cfg.o
 .text.CYMEMZERO
                0x000013e0        0xc .\CortexM3\ARM_GCC_541\Debug\cyfitter_cfg.o
 .text.ClockSetup
                0x000013ec       0xb8 .\CortexM3\ARM_GCC_541\Debug\cyfitter_cfg.o
 .text.CYCONFIGCPY
                0x000014a4        0x8 .\CortexM3\ARM_GCC_541\Debug\cyfitter_cfg.o
 .text.cyfitter_cfg
                0x000014ac       0xf0 .\CortexM3\ARM_GCC_541\Debug\cyfitter_cfg.o
                0x000014ac                cyfitter_cfg
 .text.IntDefaultHandler
                0x0000159c       0x10 .\CortexM3\ARM_GCC_541\Debug\Cm3Start.o
                0x0000159c                IntDefaultHandler
 .text.Start_c  0x000015ac       0x4c .\CortexM3\ARM_GCC_541\Debug\Cm3Start.o
                0x000015ac                Start_c
 .text.initialize_psoc
                0x000015f8       0x68 .\CortexM3\ARM_GCC_541\Debug\Cm3Start.o
                0x000015f8                initialize_psoc
 .text.Status_LED_Write
                0x00001660       0x18 .\CortexM3\ARM_GCC_541\Debug\Modbus_RTU_vP5_0.a(Status_LED.o)
                0x00001660                Status_LED_Write
 .text.CyHalt   0x00001678        0x4 .\CortexM3\ARM_GCC_541\Debug\Modbus_RTU_vP5_0.a(CyLib.o)
                0x00001678                CyHalt
 .text.CyDelayUs
                0x0000167c       0x14 .\CortexM3\ARM_GCC_541\Debug\Modbus_RTU_vP5_0.a(CyLib.o)
                0x0000167c                CyDelayUs
 .text.CyIntSetSysVector
                0x00001690       0x28 .\CortexM3\ARM_GCC_541\Debug\Modbus_RTU_vP5_0.a(CyLib.o)
                0x00001690                CyIntSetSysVector
 .text.CySysTickStop
                0x000016b8       0x10 .\CortexM3\ARM_GCC_541\Debug\Modbus_RTU_vP5_0.a(CyLib.o)
                0x000016b8                CySysTickStop
 .text.CySysTickEnableInterrupt
                0x000016c8       0x10 .\CortexM3\ARM_GCC_541\Debug\Modbus_RTU_vP5_0.a(CyLib.o)
                0x000016c8                CySysTickEnableInterrupt
 .text.CySysTickEnable
                0x000016d8       0x18 .\CortexM3\ARM_GCC_541\Debug\Modbus_RTU_vP5_0.a(CyLib.o)
                0x000016d8                CySysTickEnable
 .text.CySysTickSetReload
                0x000016f0       0x10 .\CortexM3\ARM_GCC_541\Debug\Modbus_RTU_vP5_0.a(CyLib.o)
                0x000016f0                CySysTickSetReload
 .text.CySysTickSetClockSource
                0x00001700       0x20 .\CortexM3\ARM_GCC_541\Debug\Modbus_RTU_vP5_0.a(CyLib.o)
                0x00001700                CySysTickSetClockSource
 .text.CySysTickGetCountFlag
                0x00001720       0x10 .\CortexM3\ARM_GCC_541\Debug\Modbus_RTU_vP5_0.a(CyLib.o)
                0x00001720                CySysTickGetCountFlag
 .text.CySysTickServiceCallbacks
                0x00001730       0x28 .\CortexM3\ARM_GCC_541\Debug\Modbus_RTU_vP5_0.a(CyLib.o)
 .text.CySysTickClear
                0x00001758        0xc .\CortexM3\ARM_GCC_541\Debug\Modbus_RTU_vP5_0.a(CyLib.o)
                0x00001758                CySysTickClear
 .text.CySysTickInit
                0x00001764       0x58 .\CortexM3\ARM_GCC_541\Debug\Modbus_RTU_vP5_0.a(CyLib.o)
                0x00001764                CySysTickInit
 .text.CySysTickStart
                0x000017bc       0x1c .\CortexM3\ARM_GCC_541\Debug\Modbus_RTU_vP5_0.a(CyLib.o)
                0x000017bc                CySysTickStart
 .text.CySysTickSetCallback
                0x000017d8       0x10 .\CortexM3\ARM_GCC_541\Debug\Modbus_RTU_vP5_0.a(CyLib.o)
                0x000017d8                CySysTickSetCallback
 .text.Modbus_RTU_Over_UART_Init
                0x000017e8       0x28 .\CortexM3\ARM_GCC_541\Debug\Modbus_RTU_vP5_0.a(Modbus_RTU_Over_UART.o)
                0x000017e8                Modbus_RTU_Over_UART_Init
 .text.Modbus_RTU_Over_UART_Enable
                0x00001810       0x3c .\CortexM3\ARM_GCC_541\Debug\Modbus_RTU_vP5_0.a(Modbus_RTU_Over_UART.o)
                0x00001810                Modbus_RTU_Over_UART_Enable
 .text.Modbus_RTU_Over_UART_Start
                0x0000184c       0x1c .\CortexM3\ARM_GCC_541\Debug\Modbus_RTU_vP5_0.a(Modbus_RTU_Over_UART.o)
                0x0000184c                Modbus_RTU_Over_UART_Start
 .text.Modbus_RTU_Over_UART_ReadRxStatus
                0x00001868       0x10 .\CortexM3\ARM_GCC_541\Debug\Modbus_RTU_vP5_0.a(Modbus_RTU_Over_UART.o)
                0x00001868                Modbus_RTU_Over_UART_ReadRxStatus
 .text.Modbus_RTU_Over_UART_GetChar
                0x00001878       0x2c .\CortexM3\ARM_GCC_541\Debug\Modbus_RTU_vP5_0.a(Modbus_RTU_Over_UART.o)
                0x00001878                Modbus_RTU_Over_UART_GetChar
 .text.Modbus_RTU_Over_UART_ClearRxBuffer
                0x000018a4       0x24 .\CortexM3\ARM_GCC_541\Debug\Modbus_RTU_vP5_0.a(Modbus_RTU_Over_UART.o)
                0x000018a4                Modbus_RTU_Over_UART_ClearRxBuffer
 .text.Modbus_RTU_Over_UART_PutChar
                0x000018c8       0x18 .\CortexM3\ARM_GCC_541\Debug\Modbus_RTU_vP5_0.a(Modbus_RTU_Over_UART.o)
                0x000018c8                Modbus_RTU_Over_UART_PutChar
 .text.ISR_MBRTU_UART_Rx_SetVector
                0x000018e0        0xc .\CortexM3\ARM_GCC_541\Debug\Modbus_RTU_vP5_0.a(ISR_MBRTU_UART_Rx.o)
                0x000018e0                ISR_MBRTU_UART_Rx_SetVector
 .text.ISR_MBRTU_UART_Rx_SetPriority
                0x000018ec       0x10 .\CortexM3\ARM_GCC_541\Debug\Modbus_RTU_vP5_0.a(ISR_MBRTU_UART_Rx.o)
                0x000018ec                ISR_MBRTU_UART_Rx_SetPriority
 .text.ISR_MBRTU_UART_Rx_Enable
                0x000018fc        0xc .\CortexM3\ARM_GCC_541\Debug\Modbus_RTU_vP5_0.a(ISR_MBRTU_UART_Rx.o)
                0x000018fc                ISR_MBRTU_UART_Rx_Enable
 .text.ISR_MBRTU_UART_Rx_Disable
                0x00001908        0xc .\CortexM3\ARM_GCC_541\Debug\Modbus_RTU_vP5_0.a(ISR_MBRTU_UART_Rx.o)
                0x00001908                ISR_MBRTU_UART_Rx_Disable
 .text.ISR_MBRTU_UART_Rx_StartEx
                0x00001914       0x1c .\CortexM3\ARM_GCC_541\Debug\Modbus_RTU_vP5_0.a(ISR_MBRTU_UART_Rx.o)
                0x00001914                ISR_MBRTU_UART_Rx_StartEx
 .text.Modbus_RTU_Over_UART_IntClock_Start
                0x00001930       0x1c .\CortexM3\ARM_GCC_541\Debug\Modbus_RTU_vP5_0.a(Modbus_RTU_Over_UART_IntClock.o)
                0x00001930                Modbus_RTU_Over_UART_IntClock_Start
 .text.EEPROM_Enable
                0x0000194c        0xc .\CortexM3\ARM_GCC_541\Debug\Modbus_RTU_vP5_0.a(EEPROM.o)
                0x0000194c                EEPROM_Enable
 .text.EEPROM_Start
                0x00001958        0x8 .\CortexM3\ARM_GCC_541\Debug\Modbus_RTU_vP5_0.a(EEPROM.o)
                0x00001958                EEPROM_Start
 .text.EEPROM_WriteByte
                0x00001960       0xd0 .\CortexM3\ARM_GCC_541\Debug\Modbus_RTU_vP5_0.a(EEPROM.o)
                0x00001960                EEPROM_WriteByte
 .text.EEPROM_ReadByte
                0x00001a30       0x28 .\CortexM3\ARM_GCC_541\Debug\Modbus_RTU_vP5_0.a(EEPROM.o)
                0x00001a30                EEPROM_ReadByte
 .text          0x00001a58       0x20 .\CortexM3\ARM_GCC_541\Debug\Modbus_RTU_vP5_0.a(CyBootAsmGnu.o)
                0x00001a58                CyDelayCycles
                0x00001a68                CyEnterCriticalSection
                0x00001a70                CyExitCriticalSection
 .text.CySetTempInt
                0x00001a78       0x60 .\CortexM3\ARM_GCC_541\Debug\Modbus_RTU_vP5_0.a(CyFlash.o)
 .text.CyFlashGetSpcAlgorithm
                0x00001ad8       0x4c .\CortexM3\ARM_GCC_541\Debug\Modbus_RTU_vP5_0.a(CyFlash.o)
                0x00001ad8                CyFlashGetSpcAlgorithm
 .text.CySetTemp
                0x00001b24       0x14 .\CortexM3\ARM_GCC_541\Debug\Modbus_RTU_vP5_0.a(CyFlash.o)
                0x00001b24                CySetTemp
 .text.CyEEPROM_Start
                0x00001b38       0x54 .\CortexM3\ARM_GCC_541\Debug\Modbus_RTU_vP5_0.a(CyFlash.o)
                0x00001b38                CyEEPROM_Start
 .text.CyEEPROM_ReadReserve
                0x00001b8c       0x1c .\CortexM3\ARM_GCC_541\Debug\Modbus_RTU_vP5_0.a(CyFlash.o)
                0x00001b8c                CyEEPROM_ReadReserve
 .text.CyEEPROM_ReadRelease
                0x00001ba8       0x10 .\CortexM3\ARM_GCC_541\Debug\Modbus_RTU_vP5_0.a(CyFlash.o)
                0x00001ba8                CyEEPROM_ReadRelease
 .text.CySpcStart
                0x00001bb8       0x24 .\CortexM3\ARM_GCC_541\Debug\Modbus_RTU_vP5_0.a(CySpc.o)
                0x00001bb8                CySpcStart
 .text.CySpcReadData
                0x00001bdc       0x34 .\CortexM3\ARM_GCC_541\Debug\Modbus_RTU_vP5_0.a(CySpc.o)
                0x00001bdc                CySpcReadData
 .text.CySpcLoadMultiByte
                0x00001c10       0x78 .\CortexM3\ARM_GCC_541\Debug\Modbus_RTU_vP5_0.a(CySpc.o)
                0x00001c10                CySpcLoadMultiByte
 .text.CySpcWriteRow
                0x00001c88       0x4c .\CortexM3\ARM_GCC_541\Debug\Modbus_RTU_vP5_0.a(CySpc.o)
                0x00001c88                CySpcWriteRow
 .text.CySpcGetTemp
                0x00001cd4       0x3c .\CortexM3\ARM_GCC_541\Debug\Modbus_RTU_vP5_0.a(CySpc.o)
                0x00001cd4                CySpcGetTemp
 .text.CySpcLock
                0x00001d10       0x4c .\CortexM3\ARM_GCC_541\Debug\Modbus_RTU_vP5_0.a(CySpc.o)
                0x00001d10                CySpcLock
 .text.CySpcUnlock
                0x00001d5c       0x38 .\CortexM3\ARM_GCC_541\Debug\Modbus_RTU_vP5_0.a(CySpc.o)
                0x00001d5c                CySpcUnlock
 .text.CySpcGetAlgorithm
                0x00001d94       0x28 .\CortexM3\ARM_GCC_541\Debug\Modbus_RTU_vP5_0.a(CySpc.o)
                0x00001d94                CySpcGetAlgorithm
 .text.__errno  0x00001dbc        0xc c:/program files (x86)/cypress/psoc creator/4.4/psoc creator/import/gnu/arm/5.4.1/bin/../lib/gcc/arm-none-eabi/5.4.1/../../../../arm-none-eabi/lib/armv7-m\libg_nano.a(lib_a-errno.o)
                0x00001dbc                __errno
 .text.__libc_init_array
                0x00001dc8       0x4c c:/program files (x86)/cypress/psoc creator/4.4/psoc creator/import/gnu/arm/5.4.1/bin/../lib/gcc/arm-none-eabi/5.4.1/../../../../arm-none-eabi/lib/armv7-m\libg_nano.a(lib_a-init.o)
                0x00001dc8                __libc_init_array
 .text.memcpy   0x00001e14       0x16 c:/program files (x86)/cypress/psoc creator/4.4/psoc creator/import/gnu/arm/5.4.1/bin/../lib/gcc/arm-none-eabi/5.4.1/../../../../arm-none-eabi/lib/armv7-m\libg_nano.a(lib_a-memcpy-stub.o)
                0x00001e14                memcpy
 .text.memset   0x00001e2a       0x10 c:/program files (x86)/cypress/psoc creator/4.4/psoc creator/import/gnu/arm/5.4.1/bin/../lib/gcc/arm-none-eabi/5.4.1/../../../../arm-none-eabi/lib/armv7-m\libg_nano.a(lib_a-memset.o)
                0x00001e2a                memset
 *(.plt)
 *(.gnu.warning)
 *(.glue_7t)
 .glue_7t       0x00001e3a        0x0 linker stubs
 *(.glue_7)
 .glue_7        0x00001e3a        0x0 linker stubs
 *(.vfp11_veneer)
 .vfp11_veneer  0x00001e3a        0x0 linker stubs
 *(.bootloader)
 *(.ARM.extab* .gnu.linkonce.armextab.*)
 *(.gcc_except_table)

.v4_bx          0x00001e3c        0x0
 .v4_bx         0x00001e3c        0x0 linker stubs

.iplt           0x00001e3c        0x0
 .iplt          0x00001e3c        0x0 c:/program files (x86)/cypress/psoc creator/4.4/psoc creator/import/gnu/arm/5.4.1/bin/../lib/gcc/arm-none-eabi/5.4.1/armv7-m/crtbegin.o

.eh_frame_hdr
 *(.eh_frame_hdr)

.eh_frame       0x00001e3c        0x4
 *(.eh_frame)
 .eh_frame      0x00001e3c        0x0 c:/program files (x86)/cypress/psoc creator/4.4/psoc creator/import/gnu/arm/5.4.1/bin/../lib/gcc/arm-none-eabi/5.4.1/armv7-m/crtbegin.o
 .eh_frame      0x00001e3c        0x4 c:/program files (x86)/cypress/psoc creator/4.4/psoc creator/import/gnu/arm/5.4.1/bin/../lib/gcc/arm-none-eabi/5.4.1/armv7-m/crtend.o
                [!provide]                PROVIDE (__exidx_start, .)

.ARM.exidx
 *(.ARM.exidx* .gnu.linkonce.armexidx.*)
                0x00001e40                __exidx_end = .

.rodata         0x00001e40      0x290
 *(.rodata .rodata.* .gnu.linkonce.r.*)
 .rodata        0x00001e40      0x228 .\CortexM3\ARM_GCC_541\Debug\modbus_rtu.o
 .rodata        0x00002068       0x30 .\CortexM3\ARM_GCC_541\Debug\cyfitter_cfg.o
 .rodata.str1.1
                0x00002098        0x2 c:/program files (x86)/cypress/psoc creator/4.4/psoc creator/import/gnu/arm/5.4.1/bin/../lib/gcc/arm-none-eabi/5.4.1/../../../../arm-none-eabi/lib/armv7-m\libg_nano.a(lib_a-impure.o)
                0x0000209c                . = ALIGN (0x4)
 *fill*         0x0000209a        0x2 
 *(.init)
 .init          0x0000209c        0x4 c:/program files (x86)/cypress/psoc creator/4.4/psoc creator/import/gnu/arm/5.4.1/bin/../lib/gcc/arm-none-eabi/5.4.1/armv7-m/crti.o
                0x0000209c                _init
 .init          0x000020a0        0x8 c:/program files (x86)/cypress/psoc creator/4.4/psoc creator/import/gnu/arm/5.4.1/bin/../lib/gcc/arm-none-eabi/5.4.1/armv7-m/crtn.o
                0x000020a8                . = ALIGN (0x4)
                0x000020a8                __preinit_array_start = .
 *(.preinit_array)
                0x000020a8                __preinit_array_end = .
                0x000020a8                . = ALIGN (0x4)
                0x000020a8                __init_array_start = .
 *(SORT(.init_array.*))
 *(.init_array)
 .init_array    0x000020a8        0x4 c:/program files (x86)/cypress/psoc creator/4.4/psoc creator/import/gnu/arm/5.4.1/bin/../lib/gcc/arm-none-eabi/5.4.1/armv7-m/crtbegin.o
 .init_array    0x000020ac        0x4 .\CortexM3\ARM_GCC_541\Debug\Cm3Start.o
                0x000020b0                __init_array_end = .
                0x000020b0                . = ALIGN (0x4)
 *(.fini)
 .fini          0x000020b0        0x4 c:/program files (x86)/cypress/psoc creator/4.4/psoc creator/import/gnu/arm/5.4.1/bin/../lib/gcc/arm-none-eabi/5.4.1/armv7-m/crti.o
                0x000020b0                _fini
 .fini          0x000020b4        0x8 c:/program files (x86)/cypress/psoc creator/4.4/psoc creator/import/gnu/arm/5.4.1/bin/../lib/gcc/arm-none-eabi/5.4.1/armv7-m/crtn.o
                0x000020bc                . = ALIGN (0x4)
                0x000020bc                __fini_array_start = .
 *(.fini_array)
 .fini_array    0x000020bc        0x4 c:/program files (x86)/cypress/psoc creator/4.4/psoc creator/import/gnu/arm/5.4.1/bin/../lib/gcc/arm-none-eabi/5.4.1/armv7-m/crtbegin.o
 *(SORT(.fini_array.*))
                0x000020c0                __fini_array_end = .
                0x000020c0                . = ALIGN (0x4)
 *crtbegin.o(.ctors)
 *(EXCLUDE_FILE(*crtend.o) .ctors)
 *(SORT(.ctors.*))
 *crtend.o(.ctors)
                0x000020c0                . = ALIGN (0x4)
 *crtbegin.o(.dtors)
 *(EXCLUDE_FILE(*crtend.o) .dtors)
 *(SORT(.dtors.*))
 *crtend.o(.dtors)
                0x000020c0                . = ALIGN (0x4)
                0x000020c0                __cy_regions = .
                0x000020c0        0x4 LONG 0x20d0 __cy_region_init_ram
                0x000020c4        0x4 LONG 0x1fff80c8 __cy_region_start_data
                0x000020c8        0x4 LONG 0x78 __cy_region_init_size_ram
                0x000020cc        0x4 LONG 0x560 __cy_region_zero_size_ram
                0x000020d0                __cy_regions_end = .
                0x000020d0                . = ALIGN (0x8)
                0x000020d0                _etext = .

.cy_checksum_exclude
                0x000020d0        0x0
 *(.cy_checksum_exclude)

.ramvectors     0x1fff8000       0xc0
                0x1fff8000                __cy_region_start_ram = .
 *(.ramvectors)
 .ramvectors    0x1fff8000       0xc0 .\CortexM3\ARM_GCC_541\Debug\Cm3Start.o
                0x1fff8000                CyRamVectors

.noinit         0x1fff80c0        0x1
 *(.noinit)
 .noinit        0x1fff80c0        0x1 .\CortexM3\ARM_GCC_541\Debug\Modbus_RTU_vP5_0.a(CyLib.o)
                0x1fff80c0                CyResetStatus

.data           0x1fff80c8       0x78 load address 0x000020d0
                0x1fff80c8                __cy_region_start_data = .
 *(.jcr)
 .jcr           0x1fff80c8        0x0 c:/program files (x86)/cypress/psoc creator/4.4/psoc creator/import/gnu/arm/5.4.1/bin/../lib/gcc/arm-none-eabi/5.4.1/armv7-m/crtbegin.o
 .jcr           0x1fff80c8        0x4 c:/program files (x86)/cypress/psoc creator/4.4/psoc creator/import/gnu/arm/5.4.1/bin/../lib/gcc/arm-none-eabi/5.4.1/armv7-m/crtend.o
 *(.got.plt)
 *(.got)
 *(.shdata)
 *(.data .data.* .gnu.linkonce.d.*)
 .data          0x1fff80cc       0x10 .\CortexM3\ARM_GCC_541\Debug\Modbus_RTU_vP5_0.a(CyLib.o)
                0x1fff80cc                cydelay_32k_ms
                0x1fff80d0                cydelay_freq_khz
                0x1fff80d4                cydelay_freq_mhz
                0x1fff80d8                cydelay_freq_hz
 .data.impure_data
                0x1fff80dc       0x60 c:/program files (x86)/cypress/psoc creator/4.4/psoc creator/import/gnu/arm/5.4.1/bin/../lib/gcc/arm-none-eabi/5.4.1/../../../../arm-none-eabi/lib/armv7-m\libg_nano.a(lib_a-impure.o)
 .data._impure_ptr
                0x1fff813c        0x4 c:/program files (x86)/cypress/psoc creator/4.4/psoc creator/import/gnu/arm/5.4.1/bin/../lib/gcc/arm-none-eabi/5.4.1/../../../../arm-none-eabi/lib/armv7-m\libg_nano.a(lib_a-impure.o)
                0x1fff813c                _impure_ptr
                0x1fff8140                . = ALIGN (0x8)
 *(.ram)
                0x1fff8140                _edata = .

.igot.plt       0x1fff8140        0x0 load address 0x00002148
 .igot.plt      0x1fff8140        0x0 c:/program files (x86)/cypress/psoc creator/4.4/psoc creator/import/gnu/arm/5.4.1/bin/../lib/gcc/arm-none-eabi/5.4.1/armv7-m/crtbegin.o

.bss            0x1fff8140      0x560 load address 0x00002148
                0x1fff8140                PROVIDE (__bss_start__, .)
 *(.shbss)
 *(.bss .bss.* .gnu.linkonce.b.*)
 .bss           0x1fff8140       0x1c c:/program files (x86)/cypress/psoc creator/4.4/psoc creator/import/gnu/arm/5.4.1/bin/../lib/gcc/arm-none-eabi/5.4.1/armv7-m/crtbegin.o
 .bss           0x1fff815c        0x8 .\CortexM3\ARM_GCC_541\Debug\main.o
                0x1fff815c                fsm
                0x1fff815d                byte_count
                0x1fff8160                source
 .bss           0x1fff8164       0x1c .\CortexM3\ARM_GCC_541\Debug\Modbus_RTU_vP5_0.a(CyLib.o)
                0x1fff817c                CySysTickInitVar
 .bss           0x1fff8180        0x2 .\CortexM3\ARM_GCC_541\Debug\Modbus_RTU_vP5_0.a(Modbus_RTU_Over_UART.o)
                0x1fff8180                Modbus_RTU_Over_UART_initVar
 *fill*         0x1fff8182        0x2 
 .bss           0x1fff8184        0x8 .\CortexM3\ARM_GCC_541\Debug\Modbus_RTU_vP5_0.a(CySpc.o)
                0x1fff8184                SpcLockState
 *(COMMON)
 COMMON         0x1fff818c       0x88 .\CortexM3\ARM_GCC_541\Debug\main.o
                0x1fff818c                SysTick_value
                0x1fff8190                uart_data_rx
                0x1fff81d0                rx_character
                0x1fff81d4                modbus_received_data
 COMMON         0x1fff8214      0x484 .\CortexM3\ARM_GCC_541\Debug\modbus_rtu.o
                0x1fff8214                modbus_discrete_input_value
                0x1fff8220                modbus_input_registers_value_H
                0x1fff8260                modbus_holding_registers_value_H
                0x1fff82a0                modbus_response_read_discrete_input
                0x1fff82b0                modbus_input_registers_value
                0x1fff8330                modbus_response_read_input_registers
                0x1fff83b8                modbus_response_read_coil
                0x1fff83c6                crc16
                0x1fff83c8                modbus_response_preset_multiple_registers
                0x1fff83d0                modbus_response_holding_registers_temp
                0x1fff8450                modbus_response_data_length
                0x1fff8454                modbus_response_input_registers_temp
                0x1fff84d4                modbus_holding_registers_value
                0x1fff8554                modbus_response_force_single_coil
                0x1fff855c                modbus_response_coil_temp
                0x1fff8568                modbus_response_read_holding_registers
                0x1fff85f0                modbus_response_force_multiple_coils
                0x1fff85f8                modbus_response_preset_single_register
                0x1fff8600                modbus_response_discrete_input_temp
                0x1fff860c                modbus_input_registers_value_L
                0x1fff864c                modbus_coil_value
                0x1fff8658                modbus_holding_registers_value_L
 COMMON         0x1fff8698        0x2 .\CortexM3\ARM_GCC_541\Debug\Modbus_RTU_vP5_0.a(CyFlash.o)
                0x1fff8698                dieTemperature
                0x1fff86a0                . = ALIGN (0x8)
 *fill*         0x1fff869a        0x6 
 *(.ram.b)
                0x1fff86a0                _end = .
                0x1fff86a0                __end = .
                0x1fff86a0                PROVIDE (end, .)
                0x1fff86a0                PROVIDE (__bss_end__, .)
                0x000020d0                __cy_region_init_ram = LOADADDR (.data)
                0x00000078                __cy_region_init_size_ram = (_edata - ADDR (.data))
                0x00000560                __cy_region_zero_size_ram = (_end - _edata)

.heap           0x1fff86a0       0x80 load address 0x00002148
                0x1fff86a0                . = _end
                0x1fff8720                . = (. + 0x80)
 *fill*         0x1fff86a0       0x80 
                0x1fff8720                __cy_heap_limit = .

.stack          0x20007800      0x800
                0x20007800                __cy_stack_limit = .
                0x20008000                . = (. + 0x800)
 *fill*         0x20007800      0x800 
                0x00000001                ASSERT ((__cy_stack_limit >= __cy_heap_limit), region RAM overflowed with stack)
                0x00000000                cy_checksum_exclude_size = (CY_APPL_LOADABLE == 0x1)?SIZEOF (.cy_checksum_exclude):0x0
                0x00000001                ASSERT ((cy_checksum_exclude_size <= CY_CHECKSUM_EXCLUDE_SIZE), CY_BOOT: Section .cy_checksum_exclude size exceedes specified limit.)

.cyloadermeta
 *(.cyloadermeta)

.cyloadablemeta
 *(.cyloadablemeta)

.cyconfigecc    0x80000000      0x3e0
 *(.cyconfigecc)
 .cyconfigecc   0x80000000      0x3e0 .\CortexM3\ARM_GCC_541\Debug\cymetadata.o
                0x80000000                cy_meta_configecc

.cycustnvl      0x90000000        0x4
 *(.cycustnvl)
 .cycustnvl     0x90000000        0x4 .\CortexM3\ARM_GCC_541\Debug\cymetadata.o
                0x90000000                cy_meta_custnvl

.cywolatch      0x90100000        0x4
 *(.cywolatch)
 .cywolatch     0x90100000        0x4 .\CortexM3\ARM_GCC_541\Debug\cymetadata.o
                0x90100000                cy_meta_wonvl

.cyeeprom       0x90200000        0x0
 *(.cyeeprom)
                0x00000001                ASSERT ((. <= ((0x90200000 + ee_offset) + ee_size)), .cyeeprom data will not fit in EEPROM)

.cyflashprotect
                0x90400000      0x100
 *(.cyflashprotect)
 .cyflashprotect
                0x90400000      0x100 .\CortexM3\ARM_GCC_541\Debug\cymetadata.o
                0x90400000                cy_meta_flashprotect

.cymeta         0x90500000        0xc
 *(.cymeta)
 .cymeta        0x90500000        0xc .\CortexM3\ARM_GCC_541\Debug\cymetadata.o
                0x90500000                cy_metadata

.rel.dyn        0x00002148        0x0 load address 0x9050000c
 .rel.iplt      0x00002148        0x0 c:/program files (x86)/cypress/psoc creator/4.4/psoc creator/import/gnu/arm/5.4.1/bin/../lib/gcc/arm-none-eabi/5.4.1/armv7-m/crtbegin.o

.stab
 *(.stab)

.stabstr
 *(.stabstr)

.debug
 *(.debug)

.line
 *(.line)

.debug_srcinfo
 *(.debug_srcinfo)

.debug_sfnames
 *(.debug_sfnames)

.debug_aranges  0x00000000      0x860
 *(.debug_aranges)
 .debug_aranges
                0x00000000       0x50 .\CortexM3\ARM_GCC_541\Debug\main.o
 .debug_aranges
                0x00000050       0x68 .\CortexM3\ARM_GCC_541\Debug\modbus_rtu.o
 .debug_aranges
                0x000000b8       0x58 .\CortexM3\ARM_GCC_541\Debug\cyfitter_cfg.o
 .debug_aranges
                0x00000110       0x18 .\CortexM3\ARM_GCC_541\Debug\cymetadata.o
 .debug_aranges
                0x00000128       0x48 .\CortexM3\ARM_GCC_541\Debug\Cm3Start.o
 .debug_aranges
                0x00000170       0x38 .\CortexM3\ARM_GCC_541\Debug\Modbus_RTU_vP5_0.a(Status_LED.o)
 .debug_aranges
                0x000001a8      0x2a0 .\CortexM3\ARM_GCC_541\Debug\Modbus_RTU_vP5_0.a(CyLib.o)
 .debug_aranges
                0x00000448       0x98 .\CortexM3\ARM_GCC_541\Debug\Modbus_RTU_vP5_0.a(cyPm.o)
 .debug_aranges
                0x000004e0       0xf0 .\CortexM3\ARM_GCC_541\Debug\Modbus_RTU_vP5_0.a(Modbus_RTU_Over_UART.o)
 .debug_aranges
                0x000005d0       0x80 .\CortexM3\ARM_GCC_541\Debug\Modbus_RTU_vP5_0.a(ISR_MBRTU_UART_Rx.o)
 .debug_aranges
                0x00000650       0x70 .\CortexM3\ARM_GCC_541\Debug\Modbus_RTU_vP5_0.a(Modbus_RTU_Over_UART_IntClock.o)
 .debug_aranges
                0x000006c0       0x78 .\CortexM3\ARM_GCC_541\Debug\Modbus_RTU_vP5_0.a(EEPROM.o)
 .debug_aranges
                0x00000738       0x20 .\CortexM3\ARM_GCC_541\Debug\Modbus_RTU_vP5_0.a(CyBootAsmGnu.o)
 .debug_aranges
                0x00000758       0x88 .\CortexM3\ARM_GCC_541\Debug\Modbus_RTU_vP5_0.a(CyFlash.o)
 .debug_aranges
                0x000007e0       0x80 .\CortexM3\ARM_GCC_541\Debug\Modbus_RTU_vP5_0.a(CySpc.o)

.debug_pubnames
 *(.debug_pubnames)

.debug_info     0x00000000     0x5be7
 *(.debug_info .gnu.linkonce.wi.*)
 .debug_info    0x00000000      0x9f8 .\CortexM3\ARM_GCC_541\Debug\main.o
 .debug_info    0x000009f8      0xbcd .\CortexM3\ARM_GCC_541\Debug\modbus_rtu.o
 .debug_info    0x000015c5      0x4c9 .\CortexM3\ARM_GCC_541\Debug\cyfitter_cfg.o
 .debug_info    0x00001a8e      0x135 .\CortexM3\ARM_GCC_541\Debug\cymetadata.o
 .debug_info    0x00001bc3      0x3bb .\CortexM3\ARM_GCC_541\Debug\Cm3Start.o
 .debug_info    0x00001f7e      0x11f .\CortexM3\ARM_GCC_541\Debug\Modbus_RTU_vP5_0.a(Status_LED.o)
 .debug_info    0x0000209d     0x1374 .\CortexM3\ARM_GCC_541\Debug\Modbus_RTU_vP5_0.a(CyLib.o)
 .debug_info    0x00003411      0xa2a .\CortexM3\ARM_GCC_541\Debug\Modbus_RTU_vP5_0.a(cyPm.o)
 .debug_info    0x00003e3b      0x60c .\CortexM3\ARM_GCC_541\Debug\Modbus_RTU_vP5_0.a(Modbus_RTU_Over_UART.o)
 .debug_info    0x00004447      0x2d2 .\CortexM3\ARM_GCC_541\Debug\Modbus_RTU_vP5_0.a(ISR_MBRTU_UART_Rx.o)
 .debug_info    0x00004719      0x283 .\CortexM3\ARM_GCC_541\Debug\Modbus_RTU_vP5_0.a(Modbus_RTU_Over_UART_IntClock.o)
 .debug_info    0x0000499c      0x630 .\CortexM3\ARM_GCC_541\Debug\Modbus_RTU_vP5_0.a(EEPROM.o)
 .debug_info    0x00004fcc       0x7e .\CortexM3\ARM_GCC_541\Debug\Modbus_RTU_vP5_0.a(CyBootAsmGnu.o)
 .debug_info    0x0000504a      0x64d .\CortexM3\ARM_GCC_541\Debug\Modbus_RTU_vP5_0.a(CyFlash.o)
 .debug_info    0x00005697      0x550 .\CortexM3\ARM_GCC_541\Debug\Modbus_RTU_vP5_0.a(CySpc.o)

.debug_abbrev   0x00000000     0x14af
 *(.debug_abbrev)
 .debug_abbrev  0x00000000      0x194 .\CortexM3\ARM_GCC_541\Debug\main.o
 .debug_abbrev  0x00000194      0x182 .\CortexM3\ARM_GCC_541\Debug\modbus_rtu.o
 .debug_abbrev  0x00000316      0x1fe .\CortexM3\ARM_GCC_541\Debug\cyfitter_cfg.o
 .debug_abbrev  0x00000514       0x66 .\CortexM3\ARM_GCC_541\Debug\cymetadata.o
 .debug_abbrev  0x0000057a      0x1e8 .\CortexM3\ARM_GCC_541\Debug\Cm3Start.o
 .debug_abbrev  0x00000762       0x90 .\CortexM3\ARM_GCC_541\Debug\Modbus_RTU_vP5_0.a(Status_LED.o)
 .debug_abbrev  0x000007f2      0x254 .\CortexM3\ARM_GCC_541\Debug\Modbus_RTU_vP5_0.a(CyLib.o)
 .debug_abbrev  0x00000a46      0x1ab .\CortexM3\ARM_GCC_541\Debug\Modbus_RTU_vP5_0.a(cyPm.o)
 .debug_abbrev  0x00000bf1      0x175 .\CortexM3\ARM_GCC_541\Debug\Modbus_RTU_vP5_0.a(Modbus_RTU_Over_UART.o)
 .debug_abbrev  0x00000d66      0x173 .\CortexM3\ARM_GCC_541\Debug\Modbus_RTU_vP5_0.a(ISR_MBRTU_UART_Rx.o)
 .debug_abbrev  0x00000ed9      0x139 .\CortexM3\ARM_GCC_541\Debug\Modbus_RTU_vP5_0.a(Modbus_RTU_Over_UART_IntClock.o)
 .debug_abbrev  0x00001012      0x14e .\CortexM3\ARM_GCC_541\Debug\Modbus_RTU_vP5_0.a(EEPROM.o)
 .debug_abbrev  0x00001160       0x14 .\CortexM3\ARM_GCC_541\Debug\Modbus_RTU_vP5_0.a(CyBootAsmGnu.o)
 .debug_abbrev  0x00001174      0x1a7 .\CortexM3\ARM_GCC_541\Debug\Modbus_RTU_vP5_0.a(CyFlash.o)
 .debug_abbrev  0x0000131b      0x194 .\CortexM3\ARM_GCC_541\Debug\Modbus_RTU_vP5_0.a(CySpc.o)

.debug_line     0x00000000     0x2722
 *(.debug_line)
 .debug_line    0x00000000      0x449 .\CortexM3\ARM_GCC_541\Debug\main.o
 .debug_line    0x00000449      0x48f .\CortexM3\ARM_GCC_541\Debug\modbus_rtu.o
 .debug_line    0x000008d8      0x1d7 .\CortexM3\ARM_GCC_541\Debug\cyfitter_cfg.o
 .debug_line    0x00000aaf      0x141 .\CortexM3\ARM_GCC_541\Debug\cymetadata.o
 .debug_line    0x00000bf0      0x234 .\CortexM3\ARM_GCC_541\Debug\Cm3Start.o
 .debug_line    0x00000e24       0x97 .\CortexM3\ARM_GCC_541\Debug\Modbus_RTU_vP5_0.a(Status_LED.o)
 .debug_line    0x00000ebb      0x816 .\CortexM3\ARM_GCC_541\Debug\Modbus_RTU_vP5_0.a(CyLib.o)
 .debug_line    0x000016d1      0x367 .\CortexM3\ARM_GCC_541\Debug\Modbus_RTU_vP5_0.a(cyPm.o)
 .debug_line    0x00001a38      0x2dc .\CortexM3\ARM_GCC_541\Debug\Modbus_RTU_vP5_0.a(Modbus_RTU_Over_UART.o)
 .debug_line    0x00001d14      0x13e .\CortexM3\ARM_GCC_541\Debug\Modbus_RTU_vP5_0.a(ISR_MBRTU_UART_Rx.o)
 .debug_line    0x00001e52      0x18c .\CortexM3\ARM_GCC_541\Debug\Modbus_RTU_vP5_0.a(Modbus_RTU_Over_UART_IntClock.o)
 .debug_line    0x00001fde      0x264 .\CortexM3\ARM_GCC_541\Debug\Modbus_RTU_vP5_0.a(EEPROM.o)
 .debug_line    0x00002242       0x66 .\CortexM3\ARM_GCC_541\Debug\Modbus_RTU_vP5_0.a(CyBootAsmGnu.o)
 .debug_line    0x000022a8      0x21a .\CortexM3\ARM_GCC_541\Debug\Modbus_RTU_vP5_0.a(CyFlash.o)
 .debug_line    0x000024c2      0x260 .\CortexM3\ARM_GCC_541\Debug\Modbus_RTU_vP5_0.a(CySpc.o)

.debug_frame    0x00000000     0x1720
 *(.debug_frame)
 .debug_frame   0x00000000       0xdc .\CortexM3\ARM_GCC_541\Debug\main.o
 .debug_frame   0x000000dc      0x1a8 .\CortexM3\ARM_GCC_541\Debug\modbus_rtu.o
 .debug_frame   0x00000284       0xe4 .\CortexM3\ARM_GCC_541\Debug\cyfitter_cfg.o
 .debug_frame   0x00000368       0xb8 .\CortexM3\ARM_GCC_541\Debug\Cm3Start.o
 .debug_frame   0x00000420       0x50 .\CortexM3\ARM_GCC_541\Debug\Modbus_RTU_vP5_0.a(Status_LED.o)
 .debug_frame   0x00000470      0x738 .\CortexM3\ARM_GCC_541\Debug\Modbus_RTU_vP5_0.a(CyLib.o)
 .debug_frame   0x00000ba8      0x1f8 .\CortexM3\ARM_GCC_541\Debug\Modbus_RTU_vP5_0.a(cyPm.o)
 .debug_frame   0x00000da0      0x250 .\CortexM3\ARM_GCC_541\Debug\Modbus_RTU_vP5_0.a(Modbus_RTU_Over_UART.o)
 .debug_frame   0x00000ff0      0x104 .\CortexM3\ARM_GCC_541\Debug\Modbus_RTU_vP5_0.a(ISR_MBRTU_UART_Rx.o)
 .debug_frame   0x000010f4       0xe0 .\CortexM3\ARM_GCC_541\Debug\Modbus_RTU_vP5_0.a(Modbus_RTU_Over_UART_IntClock.o)
 .debug_frame   0x000011d4      0x17c .\CortexM3\ARM_GCC_541\Debug\Modbus_RTU_vP5_0.a(EEPROM.o)
 .debug_frame   0x00001350      0x194 .\CortexM3\ARM_GCC_541\Debug\Modbus_RTU_vP5_0.a(CyFlash.o)
 .debug_frame   0x000014e4      0x180 .\CortexM3\ARM_GCC_541\Debug\Modbus_RTU_vP5_0.a(CySpc.o)
 .debug_frame   0x00001664       0x20 c:/program files (x86)/cypress/psoc creator/4.4/psoc creator/import/gnu/arm/5.4.1/bin/../lib/gcc/arm-none-eabi/5.4.1/../../../../arm-none-eabi/lib/armv7-m\libg_nano.a(lib_a-errno.o)
 .debug_frame   0x00001684       0x28 c:/program files (x86)/cypress/psoc creator/4.4/psoc creator/import/gnu/arm/5.4.1/bin/../lib/gcc/arm-none-eabi/5.4.1/../../../../arm-none-eabi/lib/armv7-m\libg_nano.a(lib_a-exit.o)
 .debug_frame   0x000016ac       0x2c c:/program files (x86)/cypress/psoc creator/4.4/psoc creator/import/gnu/arm/5.4.1/bin/../lib/gcc/arm-none-eabi/5.4.1/../../../../arm-none-eabi/lib/armv7-m\libg_nano.a(lib_a-init.o)
 .debug_frame   0x000016d8       0x28 c:/program files (x86)/cypress/psoc creator/4.4/psoc creator/import/gnu/arm/5.4.1/bin/../lib/gcc/arm-none-eabi/5.4.1/../../../../arm-none-eabi/lib/armv7-m\libg_nano.a(lib_a-memcpy-stub.o)
 .debug_frame   0x00001700       0x20 c:/program files (x86)/cypress/psoc creator/4.4/psoc creator/import/gnu/arm/5.4.1/bin/../lib/gcc/arm-none-eabi/5.4.1/../../../../arm-none-eabi/lib/armv7-m\libg_nano.a(lib_a-memset.o)

.debug_str      0x00000000     0x23e2
 *(.debug_str)
 .debug_str     0x00000000      0x6c2 .\CortexM3\ARM_GCC_541\Debug\main.o
                                0x728 (size before relaxing)
 .debug_str     0x000006c2      0x365 .\CortexM3\ARM_GCC_541\Debug\modbus_rtu.o
                                0x89b (size before relaxing)
 .debug_str     0x00000a27      0x167 .\CortexM3\ARM_GCC_541\Debug\cyfitter_cfg.o
                                0x2fd (size before relaxing)
 .debug_str     0x00000b8e       0x75 .\CortexM3\ARM_GCC_541\Debug\cymetadata.o
                                0x1d2 (size before relaxing)
 .debug_str     0x00000c03      0x144 .\CortexM3\ARM_GCC_541\Debug\Cm3Start.o
                                0x2f8 (size before relaxing)
 .debug_str     0x00000d47       0x73 .\CortexM3\ARM_GCC_541\Debug\Modbus_RTU_vP5_0.a(Status_LED.o)
                                0x1e9 (size before relaxing)
 .debug_str     0x00000dba      0x800 .\CortexM3\ARM_GCC_541\Debug\Modbus_RTU_vP5_0.a(CyLib.o)
                                0xa35 (size before relaxing)
 .debug_str     0x000015ba      0x365 .\CortexM3\ARM_GCC_541\Debug\Modbus_RTU_vP5_0.a(cyPm.o)
                                0x721 (size before relaxing)
 .debug_str     0x0000191f      0x3fd .\CortexM3\ARM_GCC_541\Debug\Modbus_RTU_vP5_0.a(Modbus_RTU_Over_UART.o)
                                0x653 (size before relaxing)
 .debug_str     0x00001d1c      0x174 .\CortexM3\ARM_GCC_541\Debug\Modbus_RTU_vP5_0.a(ISR_MBRTU_UART_Rx.o)
                                0x33c (size before relaxing)
 .debug_str     0x00001e90      0x223 .\CortexM3\ARM_GCC_541\Debug\Modbus_RTU_vP5_0.a(Modbus_RTU_Over_UART_IntClock.o)
                                0x3e4 (size before relaxing)
 .debug_str     0x000020b3      0x1a7 .\CortexM3\ARM_GCC_541\Debug\Modbus_RTU_vP5_0.a(EEPROM.o)
                                0x3b0 (size before relaxing)
 .debug_str     0x0000225a      0x11a .\CortexM3\ARM_GCC_541\Debug\Modbus_RTU_vP5_0.a(CyFlash.o)
                                0x3ae (size before relaxing)
 .debug_str     0x00002374       0x6e .\CortexM3\ARM_GCC_541\Debug\Modbus_RTU_vP5_0.a(CySpc.o)
                                0x326 (size before relaxing)

.debug_loc      0x00000000     0x32eb
 *(.debug_loc)
 .debug_loc     0x00000000      0x3f8 .\CortexM3\ARM_GCC_541\Debug\main.o
 .debug_loc     0x000003f8      0xc71 .\CortexM3\ARM_GCC_541\Debug\modbus_rtu.o
 .debug_loc     0x00001069      0x1d7 .\CortexM3\ARM_GCC_541\Debug\cyfitter_cfg.o
 .debug_loc     0x00001240      0x144 .\CortexM3\ARM_GCC_541\Debug\Cm3Start.o
 .debug_loc     0x00001384       0x42 .\CortexM3\ARM_GCC_541\Debug\Modbus_RTU_vP5_0.a(Status_LED.o)
 .debug_loc     0x000013c6      0xa11 .\CortexM3\ARM_GCC_541\Debug\Modbus_RTU_vP5_0.a(CyLib.o)
 .debug_loc     0x00001dd7      0x1e4 .\CortexM3\ARM_GCC_541\Debug\Modbus_RTU_vP5_0.a(cyPm.o)
 .debug_loc     0x00001fbb      0x258 .\CortexM3\ARM_GCC_541\Debug\Modbus_RTU_vP5_0.a(Modbus_RTU_Over_UART.o)
 .debug_loc     0x00002213       0x56 .\CortexM3\ARM_GCC_541\Debug\Modbus_RTU_vP5_0.a(ISR_MBRTU_UART_Rx.o)
 .debug_loc     0x00002269      0x12c .\CortexM3\ARM_GCC_541\Debug\Modbus_RTU_vP5_0.a(Modbus_RTU_Over_UART_IntClock.o)
 .debug_loc     0x00002395      0x49f .\CortexM3\ARM_GCC_541\Debug\Modbus_RTU_vP5_0.a(EEPROM.o)
 .debug_loc     0x00002834      0x3b2 .\CortexM3\ARM_GCC_541\Debug\Modbus_RTU_vP5_0.a(CyFlash.o)
 .debug_loc     0x00002be6      0x705 .\CortexM3\ARM_GCC_541\Debug\Modbus_RTU_vP5_0.a(CySpc.o)

.debug_macinfo
 *(.debug_macinfo)

.debug_ranges   0x00000000      0x7e8
 *(.debug_ranges)
 .debug_ranges  0x00000000       0xb8 .\CortexM3\ARM_GCC_541\Debug\main.o
 .debug_ranges  0x000000b8       0x70 .\CortexM3\ARM_GCC_541\Debug\modbus_rtu.o
 .debug_ranges  0x00000128       0x48 .\CortexM3\ARM_GCC_541\Debug\cyfitter_cfg.o
 .debug_ranges  0x00000170       0x38 .\CortexM3\ARM_GCC_541\Debug\Cm3Start.o
 .debug_ranges  0x000001a8       0x28 .\CortexM3\ARM_GCC_541\Debug\Modbus_RTU_vP5_0.a(Status_LED.o)
 .debug_ranges  0x000001d0      0x290 .\CortexM3\ARM_GCC_541\Debug\Modbus_RTU_vP5_0.a(CyLib.o)
 .debug_ranges  0x00000460       0x88 .\CortexM3\ARM_GCC_541\Debug\Modbus_RTU_vP5_0.a(cyPm.o)
 .debug_ranges  0x000004e8       0xe0 .\CortexM3\ARM_GCC_541\Debug\Modbus_RTU_vP5_0.a(Modbus_RTU_Over_UART.o)
 .debug_ranges  0x000005c8       0x70 .\CortexM3\ARM_GCC_541\Debug\Modbus_RTU_vP5_0.a(ISR_MBRTU_UART_Rx.o)
 .debug_ranges  0x00000638       0x60 .\CortexM3\ARM_GCC_541\Debug\Modbus_RTU_vP5_0.a(Modbus_RTU_Over_UART_IntClock.o)
 .debug_ranges  0x00000698       0x68 .\CortexM3\ARM_GCC_541\Debug\Modbus_RTU_vP5_0.a(EEPROM.o)
 .debug_ranges  0x00000700       0x78 .\CortexM3\ARM_GCC_541\Debug\Modbus_RTU_vP5_0.a(CyFlash.o)
 .debug_ranges  0x00000778       0x70 .\CortexM3\ARM_GCC_541\Debug\Modbus_RTU_vP5_0.a(CySpc.o)

.comment        0x00000000       0x6e
 .comment       0x00000000       0x6e .\CortexM3\ARM_GCC_541\Debug\main.o
                                 0x6f (size before relaxing)
 .comment       0x0000006e       0x6f .\CortexM3\ARM_GCC_541\Debug\modbus_rtu.o
 .comment       0x0000006e       0x6f .\CortexM3\ARM_GCC_541\Debug\cyfitter_cfg.o
 .comment       0x0000006e       0x6f .\CortexM3\ARM_GCC_541\Debug\cymetadata.o
 .comment       0x0000006e       0x6f .\CortexM3\ARM_GCC_541\Debug\Cm3Start.o
 .comment       0x0000006e       0x6f .\CortexM3\ARM_GCC_541\Debug\Modbus_RTU_vP5_0.a(Status_LED.o)
 .comment       0x0000006e       0x6f .\CortexM3\ARM_GCC_541\Debug\Modbus_RTU_vP5_0.a(CyLib.o)
 .comment       0x0000006e       0x6f .\CortexM3\ARM_GCC_541\Debug\Modbus_RTU_vP5_0.a(cyPm.o)
 .comment       0x0000006e       0x6f .\CortexM3\ARM_GCC_541\Debug\Modbus_RTU_vP5_0.a(Modbus_RTU_Over_UART.o)
 .comment       0x0000006e       0x6f .\CortexM3\ARM_GCC_541\Debug\Modbus_RTU_vP5_0.a(ISR_MBRTU_UART_Rx.o)
 .comment       0x0000006e       0x6f .\CortexM3\ARM_GCC_541\Debug\Modbus_RTU_vP5_0.a(Modbus_RTU_Over_UART_IntClock.o)
 .comment       0x0000006e       0x6f .\CortexM3\ARM_GCC_541\Debug\Modbus_RTU_vP5_0.a(EEPROM.o)
 .comment       0x0000006e       0x6f .\CortexM3\ARM_GCC_541\Debug\Modbus_RTU_vP5_0.a(CyFlash.o)
 .comment       0x0000006e       0x6f .\CortexM3\ARM_GCC_541\Debug\Modbus_RTU_vP5_0.a(CySpc.o)

.debug_weaknames
 *(.debug_weaknames)

.debug_funcnames
 *(.debug_funcnames)

.debug_typenames
 *(.debug_typenames)

.debug_varnames
 *(.debug_varnames)

.note.gnu.arm.ident
 *(.note.gnu.arm.ident)

.ARM.attributes
                0x00000000       0x29
 *(.ARM.attributes)
 .ARM.attributes
                0x00000000       0x1d c:/program files (x86)/cypress/psoc creator/4.4/psoc creator/import/gnu/arm/5.4.1/bin/../lib/gcc/arm-none-eabi/5.4.1/armv7-m/crti.o
 .ARM.attributes
                0x0000001d       0x2d c:/program files (x86)/cypress/psoc creator/4.4/psoc creator/import/gnu/arm/5.4.1/bin/../lib/gcc/arm-none-eabi/5.4.1/armv7-m/crtbegin.o
 .ARM.attributes
                0x0000004a       0x1b c:/program files (x86)/cypress/psoc creator/4.4/psoc creator/import/gnu/arm/5.4.1/bin/../lib/gcc/arm-none-eabi/5.4.1/../../../../arm-none-eabi/lib/armv7-m/crt0.o
 .ARM.attributes
                0x00000065       0x33 .\CortexM3\ARM_GCC_541\Debug\main.o
 .ARM.attributes
                0x00000098       0x33 .\CortexM3\ARM_GCC_541\Debug\modbus_rtu.o
 .ARM.attributes
                0x000000cb       0x33 .\CortexM3\ARM_GCC_541\Debug\cyfitter_cfg.o
 .ARM.attributes
                0x000000fe       0x33 .\CortexM3\ARM_GCC_541\Debug\cymetadata.o
 .ARM.attributes
                0x00000131       0x33 .\CortexM3\ARM_GCC_541\Debug\Cm3Start.o
 .ARM.attributes
                0x00000164       0x33 .\CortexM3\ARM_GCC_541\Debug\Modbus_RTU_vP5_0.a(Status_LED.o)
 .ARM.attributes
                0x00000197       0x33 .\CortexM3\ARM_GCC_541\Debug\Modbus_RTU_vP5_0.a(CyLib.o)
 .ARM.attributes
                0x000001ca       0x33 .\CortexM3\ARM_GCC_541\Debug\Modbus_RTU_vP5_0.a(cyPm.o)
 .ARM.attributes
                0x000001fd       0x33 .\CortexM3\ARM_GCC_541\Debug\Modbus_RTU_vP5_0.a(Modbus_RTU_Over_UART.o)
 .ARM.attributes
                0x00000230       0x33 .\CortexM3\ARM_GCC_541\Debug\Modbus_RTU_vP5_0.a(ISR_MBRTU_UART_Rx.o)
 .ARM.attributes
                0x00000263       0x33 .\CortexM3\ARM_GCC_541\Debug\Modbus_RTU_vP5_0.a(Modbus_RTU_Over_UART_IntClock.o)
 .ARM.attributes
                0x00000296       0x33 .\CortexM3\ARM_GCC_541\Debug\Modbus_RTU_vP5_0.a(EEPROM.o)
 .ARM.attributes
                0x000002c9       0x21 .\CortexM3\ARM_GCC_541\Debug\Modbus_RTU_vP5_0.a(CyBootAsmGnu.o)
 .ARM.attributes
                0x000002ea       0x33 .\CortexM3\ARM_GCC_541\Debug\Modbus_RTU_vP5_0.a(CyFlash.o)
 .ARM.attributes
                0x0000031d       0x33 .\CortexM3\ARM_GCC_541\Debug\Modbus_RTU_vP5_0.a(CySpc.o)
 .ARM.attributes
                0x00000350       0x2d c:/program files (x86)/cypress/psoc creator/4.4/psoc creator/import/gnu/arm/5.4.1/bin/../lib/gcc/arm-none-eabi/5.4.1/../../../../arm-none-eabi/lib/armv7-m\libg_nano.a(lib_a-errno.o)
 .ARM.attributes
                0x0000037d       0x2d c:/program files (x86)/cypress/psoc creator/4.4/psoc creator/import/gnu/arm/5.4.1/bin/../lib/gcc/arm-none-eabi/5.4.1/../../../../arm-none-eabi/lib/armv7-m\libg_nano.a(lib_a-exit.o)
 .ARM.attributes
                0x000003aa       0x2d c:/program files (x86)/cypress/psoc creator/4.4/psoc creator/import/gnu/arm/5.4.1/bin/../lib/gcc/arm-none-eabi/5.4.1/../../../../arm-none-eabi/lib/armv7-m\libg_nano.a(lib_a-impure.o)
 .ARM.attributes
                0x000003d7       0x2d c:/program files (x86)/cypress/psoc creator/4.4/psoc creator/import/gnu/arm/5.4.1/bin/../lib/gcc/arm-none-eabi/5.4.1/../../../../arm-none-eabi/lib/armv7-m\libg_nano.a(lib_a-init.o)
 .ARM.attributes
                0x00000404       0x2d c:/program files (x86)/cypress/psoc creator/4.4/psoc creator/import/gnu/arm/5.4.1/bin/../lib/gcc/arm-none-eabi/5.4.1/../../../../arm-none-eabi/lib/armv7-m\libg_nano.a(lib_a-memcpy-stub.o)
 .ARM.attributes
                0x00000431       0x2d c:/program files (x86)/cypress/psoc creator/4.4/psoc creator/import/gnu/arm/5.4.1/bin/../lib/gcc/arm-none-eabi/5.4.1/../../../../arm-none-eabi/lib/armv7-m\libg_nano.a(lib_a-memset.o)
 .ARM.attributes
                0x0000045e       0x2d c:/program files (x86)/cypress/psoc creator/4.4/psoc creator/import/gnu/arm/5.4.1/bin/../lib/gcc/arm-none-eabi/5.4.1/armv7-m/crtend.o
 .ARM.attributes
                0x0000048b       0x1d c:/program files (x86)/cypress/psoc creator/4.4/psoc creator/import/gnu/arm/5.4.1/bin/../lib/gcc/arm-none-eabi/5.4.1/armv7-m/crtn.o

/DISCARD/
 *(.note.GNU-stack)
OUTPUT(E:\temp\Modbus_RTU_vP5_0\Modbus_RTU_vP5_0.cydsn\CortexM3\ARM_GCC_541\Debug\Modbus_RTU_vP5_0.elf elf32-littlearm)
