******************************************************************************
                  TMS470 Linker PC v4.9.5                      
******************************************************************************
>> Linked Wed Sep 08 20:26:24 2021

OUTPUT FILE NAME:   <Modbus_RTU_TI_SL_v0.out>
ENTRY POINT SYMBOL: "_c_int00"  address: 00002e31


MEMORY CONFIGURATION

         name            origin    length      used     unused   attr    fill
----------------------  --------  ---------  --------  --------  ----  --------
  FLASH                 00000000   00040000  000034b8  0003cb48  R  X
  SRAM                  20000000   00008000  00000b05  000074fb  RW X


SEGMENT ALLOCATION MAP

run origin  load origin   length   init length attrs members
----------  ----------- ---------- ----------- ----- -------
00000000    00000000    000034c0   000034c0    r-x
  00000000    00000000    0000026c   0000026c    r-- .intvecs
  0000026c    0000026c    00002e7a   00002e7a    r-x .text
  000030e8    000030e8    00000182   00000182    r-- .const
  00003270    00003270    00000250   00000250    r-- .cinit
20000000    20000000    000007dd   00000000    rw-
  20000000    20000000    0000026c   00000000    rw- .vtable
  2000026c    2000026c    00000571   00000000    rw- .bss
200007e0    200007e0    00000328   00000228    rw-
  200007e0    200007e0    00000228   00000228    rw- .data
  20000a08    20000a08    00000100   00000000    rw- .stack


SECTION ALLOCATION MAP

 output                                  attributes/
section   page    origin      length       input sections
--------  ----  ----------  ----------   ----------------
.intvecs   0    00000000    0000026c     
                  00000000    0000026c     startup_ccs.obj (.intvecs)

.init_array 
*          0    00000000    00000000     UNINITIALIZED

.text      0    0000026c    00002e7a     
                  0000026c    000018fc     modbus_rtu.obj (.text)
                  00001b68    000008c8     main.obj (.text)
                  00002430    000004b0     uartstdio.obj (.text)
                  000028e0    000001d8     driverlib-cm4f.lib : sysctl.obj (.text:SysCtlClockGet)
                  00002ab8    000000c0                        : eeprom.obj (.text:EEPROMProgram)
                  00002b78    0000009c     rtsv7M4_T_le_v4SPD16_eabi.lib : memcpy_t2.obj (.text)
                  00002c14    00000094     driverlib-cm4f.lib : sysctl.obj (.text:SysCtlPeripheralReset)
                  00002ca8    00000094     rtsv7M4_T_le_v4SPD16_eabi.lib : auto_init.obj (.text)
                  00002d3c    0000005e                                   : copy_decompress_rle.obj (.text)
                  00002d9a    00000002     --HOLE-- [fill = 0]
                  00002d9c    0000004c                                   : cpy_tbl.obj (.text)
                  00002de8    00000048     driverlib-cm4f.lib : gpio.obj (.text:GPIOPinConfigure)
                  00002e30    00000048     rtsv7M4_T_le_v4SPD16_eabi.lib : boot.obj (.text)
                  00002e78    00000044     driverlib-cm4f.lib : eeprom.obj (.text:EEPROMInit)
                  00002ebc    00000044     rtsv7M4_T_le_v4SPD16_eabi.lib : exit.obj (.text)
                  00002f00    00000042                                   : u_divt2.obj (.text)
                  00002f42    00000002     --HOLE-- [fill = 0]
                  00002f44    0000003c     driverlib-cm4f.lib : eeprom.obj (.text:EEPROMSetSectorMask)
                  00002f80    00000034                        : eeprom.obj (.text:EEPROMClearSectorMask)
                  00002fb4    00000034                        : interrupt.obj (.text:IntRegister)
                  00002fe8    00000030                        : eeprom.obj (.text:EEPROMRead)
                  00003018    0000001c                        : systick.obj (.text:SysTickIntRegister)
                  00003034    00000018     rtsv7M4_T_le_v4SPD16_eabi.lib : _lock.obj (.text)
                  0000304c    00000018                                   : args_main.obj (.text)
                  00003064    00000014     driverlib-cm4f.lib : systick.obj (.text:SysTickDisable)
                  00003078    00000014                        : systick.obj (.text:SysTickEnable)
                  0000308c    00000012     rtsv7M4_T_le_v4SPD16_eabi.lib : copy_zero_init.obj (.text:decompress:ZI)
                  0000309e    00000002     --HOLE-- [fill = 0]
                  000030a0    00000010     driverlib-cm4f.lib : eeprom.obj (.text:EEPROMWaitForDone)
                  000030b0    00000010                        : systick.obj (.text:SysTickPeriodSet)
                  000030c0    0000000e     rtsv7M4_T_le_v4SPD16_eabi.lib : copy_decompress_none.obj (.text:decompress:none)
                  000030ce    0000000c     startup_ccs.obj (.text)
                  000030da    00000006     driverlib-cm4f.lib : sysctl.obj (.text:SysCtlDelay)
                  000030e0    00000006     rtsv7M4_T_le_v4SPD16_eabi.lib : copy_decompress_rle.obj (.text:decompress:rle24)

.const     0    000030e8    00000182     
                  000030e8    00000078     driverlib-cm4f.lib : gpio.obj (.const:g_pulGPIOBaseAddrs)
                  00003160    0000006c                        : sysctl.obj (.const:g_pulXtals)
                  000031cc    00000040                        : sysctl.obj (.const)
                  0000320c    00000030     modbus_rtu.obj (.const)
                  0000323c    0000001c     uartstdio.obj (.const)
                  00003258    00000012     uartstdio.obj (.const:.string)

.cinit     0    00003270    00000250     
                  00003270    00000217     (.cinit..data.load) [load image, compression = rle]
                  00003487    00000001     --HOLE-- [fill = 0]
                  00003488    0000000c     (__TI_handler_table)
                  00003494    00000004     --HOLE-- [fill = 0]
                  00003498    00000008     (.cinit..bss.load) [load image, compression = zero_init]
                  000034a0    00000008     (.cinit..vtable.load) [load image, compression = zero_init]
                  000034a8    00000018     (__TI_cinit_table)

.vtable    0    20000000    0000026c     UNINITIALIZED
                  20000000    0000026c     driverlib-cm4f.lib : interrupt.obj (.vtable)

.bss       0    2000026c    00000571     UNINITIALIZED
                  2000026c    00000098     main.obj (.bss:uart_data_rx)
                  20000304    00000088     modbus_rtu.obj (.bss:modbus_response_read_holding_registers)
                  2000038c    00000088     modbus_rtu.obj (.bss:modbus_response_read_input_registers)
                  20000414    00000080     modbus_rtu.obj (.bss:modbus_holding_registers_value)
                  20000494    00000080     modbus_rtu.obj (.bss:modbus_input_registers_value)
                  20000514    00000080     modbus_rtu.obj (.bss:modbus_response_holding_registers_temp)
                  20000594    00000080     modbus_rtu.obj (.bss:modbus_response_input_registers_temp)
                  20000614    00000074     modbus_rtu.obj (.bss)
                  20000688    00000040     modbus_rtu.obj (.bss:modbus_holding_registers_value_H)
                  200006c8    00000040     modbus_rtu.obj (.bss:modbus_holding_registers_value_L)
                  20000708    00000040     modbus_rtu.obj (.bss:modbus_input_registers_value_H)
                  20000748    00000040     modbus_rtu.obj (.bss:modbus_input_registers_value_L)
                  20000788    00000040     main.obj (.bss:modbus_received_data)
                  200007c8    00000015     main.obj (.bss)

.data      0    200007e0    00000228     
                  200007e0    00000100     modbus_rtu.obj (.data:auchCRCHi)
                  200008e0    00000100     modbus_rtu.obj (.data:auchCRCLo)
                  200009e0    0000000a     main.obj (.data)
                  200009ea    00000002     --HOLE--
                  200009ec    00000008     rtsv7M4_T_le_v4SPD16_eabi.lib : _lock.obj (.data)
                  200009f4    00000008                                   : exit.obj (.data)
                  200009fc    00000005     uartstdio.obj (.data)
                  20000a01    00000003     --HOLE--
                  20000a04    00000004     rtsv7M4_T_le_v4SPD16_eabi.lib : stkdepth_vars.obj (.data)

.stack     0    20000a08    00000100     UNINITIALIZED
                  20000a08    00000100     --HOLE--


LINKER GENERATED COPY TABLES

__TI_cinit_table @ 000034a8 records: 3, size/record: 8, table size: 24
	.data: load addr=00003270, load size=00000217 bytes, run addr=200007e0, run size=00000228 bytes, compression=rle
	.bss: load addr=00003498, load size=00000008 bytes, run addr=2000026c, run size=00000571 bytes, compression=zero_init
	.vtable: load addr=000034a0, load size=00000008 bytes, run addr=20000000, run size=0000026c bytes, compression=zero_init


LINKER GENERATED HANDLER TABLE

__TI_handler_table @ 00003488 records: 3, size/record: 4, table size: 12
	index: 0, handler: __TI_zero_init
	index: 1, handler: __TI_decompress_rle24
	index: 2, handler: __TI_decompress_none


GLOBAL SYMBOLS: SORTED ALPHABETICALLY BY Name 

address    name
--------   ----
00002ebd   C$$EXIT
0000026d   CRC16
00002e79   EEPROMInit
00002ab9   EEPROMProgram
00002fe9   EEPROMRead
00002de9   GPIOPinConfigure
00002fb5   IntRegister
000030cf   ResetISR
UNDEFED    SHT$$INIT_ARRAY$$Base
UNDEFED    SHT$$INIT_ARRAY$$Limit
000028e1   SysCtlClockGet
000030db   SysCtlDelay
00002c15   SysCtlPeripheralReset
00003065   SysTickDisable
00003079   SysTickEnable
00003019   SysTickIntRegister
000030b1   SysTickPeriodSet
200009e4   SysTick_value
00001b8d   UARTIntHandler
00001c1d   UARTSend
00002431   UARTStdioConfig
00002489   UARTStdioInit
000024a3   UARTStdioInitExpClk
000025cb   UARTgetc
0000250b   UARTgets
000025fd   UARTprintf
000024bd   UARTwrite
20000b08   __STACK_END
00000100   __STACK_SIZE
20000b08   __STACK_TOP
000034a8   __TI_CINIT_Base
000034c0   __TI_CINIT_Limit
00003488   __TI_Handler_Table_Base
00003494   __TI_Handler_Table_Limit
00000001   __TI_args_main
00002ca9   __TI_auto_init
000030c1   __TI_decompress_none
000030e1   __TI_decompress_rle24
00000000   __TI_static_base__
0000308d   __TI_zero_init
00002b79   __aeabi_memcpy
00002b79   __aeabi_memcpy4
00002b79   __aeabi_memcpy8
00002f01   __aeabi_uidivmod
ffffffff   __binit__
ffffffff   __c_args__
20000a08   __stack
0000304d   _args_main
00002e31   _c_int00
200009f4   _cleanup_ptr
200009f8   _dtors_ptr
200009ec   _lock
00003041   _nop
0000303b   _register_lock
00003035   _register_unlock
200009f0   _unlock
00002ec1   abort
ffffffff   binit
200009e0   byte_count
00002d9d   copy_in
20000686   crc16
00002ec9   exit
200009e1   fsm
200009e8   fsm_uart
20000000   g_pfnRAMVectors
00000000   g_pfnVectors
00001e4d   initialize_eeprom
00002169   main
20000a04   main_func_sp
00002b79   memcpy
20000621   modbus_coil_value
20000615   modbus_discrete_input_value
20000414   modbus_holding_registers_value
20000688   modbus_holding_registers_value_H
200006c8   modbus_holding_registers_value_L
20000494   modbus_input_registers_value
20000708   modbus_input_registers_value_H
20000748   modbus_input_registers_value_L
20000788   modbus_received_data
2000066d   modbus_response_coil_temp
20000614   modbus_response_data_length
20000679   modbus_response_discrete_input_temp
20000665   modbus_response_force_multiple_coils
2000065d   modbus_response_force_single_coil
20000514   modbus_response_holding_registers_temp
20000594   modbus_response_input_registers_temp
20000655   modbus_response_preset_multiple_registers
2000064d   modbus_response_preset_single_register
2000062d   modbus_response_read_coil
2000063d   modbus_response_read_discrete_input
20000304   modbus_response_read_holding_registers
2000038c   modbus_response_read_input_registers
00000be1   query_response_force_multiple_coils
00000999   query_response_force_single_coil
00001949   query_response_preset_multiple_registers
000017dd   query_response_preset_single_register
00000389   query_response_read_coil
000006a9   query_response_read_discrete_input
00001379   query_response_read_holding_registers
000015a9   query_response_read_input_registers
00001f91   read_eeprom
200009e9   received_character
200007c9   received_string
000002cf   reverse_data
200007c8   rx_character
00001b69   systick_int
2000026c   uart_data_rx
00001c5d   update_eeprom


GLOBAL SYMBOLS: SORTED BY Symbol Address 

address    name
--------   ----
00000000   __TI_static_base__
00000000   g_pfnVectors
00000001   __TI_args_main
00000100   __STACK_SIZE
0000026d   CRC16
000002cf   reverse_data
00000389   query_response_read_coil
000006a9   query_response_read_discrete_input
00000999   query_response_force_single_coil
00000be1   query_response_force_multiple_coils
00001379   query_response_read_holding_registers
000015a9   query_response_read_input_registers
000017dd   query_response_preset_single_register
00001949   query_response_preset_multiple_registers
00001b69   systick_int
00001b8d   UARTIntHandler
00001c1d   UARTSend
00001c5d   update_eeprom
00001e4d   initialize_eeprom
00001f91   read_eeprom
00002169   main
00002431   UARTStdioConfig
00002489   UARTStdioInit
000024a3   UARTStdioInitExpClk
000024bd   UARTwrite
0000250b   UARTgets
000025cb   UARTgetc
000025fd   UARTprintf
000028e1   SysCtlClockGet
00002ab9   EEPROMProgram
00002b79   __aeabi_memcpy
00002b79   __aeabi_memcpy4
00002b79   __aeabi_memcpy8
00002b79   memcpy
00002c15   SysCtlPeripheralReset
00002ca9   __TI_auto_init
00002d9d   copy_in
00002de9   GPIOPinConfigure
00002e31   _c_int00
00002e79   EEPROMInit
00002ebd   C$$EXIT
00002ec1   abort
00002ec9   exit
00002f01   __aeabi_uidivmod
00002fb5   IntRegister
00002fe9   EEPROMRead
00003019   SysTickIntRegister
00003035   _register_unlock
0000303b   _register_lock
00003041   _nop
0000304d   _args_main
00003065   SysTickDisable
00003079   SysTickEnable
0000308d   __TI_zero_init
000030b1   SysTickPeriodSet
000030c1   __TI_decompress_none
000030cf   ResetISR
000030db   SysCtlDelay
000030e1   __TI_decompress_rle24
00003488   __TI_Handler_Table_Base
00003494   __TI_Handler_Table_Limit
000034a8   __TI_CINIT_Base
000034c0   __TI_CINIT_Limit
20000000   g_pfnRAMVectors
2000026c   uart_data_rx
20000304   modbus_response_read_holding_registers
2000038c   modbus_response_read_input_registers
20000414   modbus_holding_registers_value
20000494   modbus_input_registers_value
20000514   modbus_response_holding_registers_temp
20000594   modbus_response_input_registers_temp
20000614   modbus_response_data_length
20000615   modbus_discrete_input_value
20000621   modbus_coil_value
2000062d   modbus_response_read_coil
2000063d   modbus_response_read_discrete_input
2000064d   modbus_response_preset_single_register
20000655   modbus_response_preset_multiple_registers
2000065d   modbus_response_force_single_coil
20000665   modbus_response_force_multiple_coils
2000066d   modbus_response_coil_temp
20000679   modbus_response_discrete_input_temp
20000686   crc16
20000688   modbus_holding_registers_value_H
200006c8   modbus_holding_registers_value_L
20000708   modbus_input_registers_value_H
20000748   modbus_input_registers_value_L
20000788   modbus_received_data
200007c8   rx_character
200007c9   received_string
200009e0   byte_count
200009e1   fsm
200009e4   SysTick_value
200009e8   fsm_uart
200009e9   received_character
200009ec   _lock
200009f0   _unlock
200009f4   _cleanup_ptr
200009f8   _dtors_ptr
20000a04   main_func_sp
20000a08   __stack
20000b08   __STACK_END
20000b08   __STACK_TOP
ffffffff   __binit__
ffffffff   __c_args__
ffffffff   binit
UNDEFED    SHT$$INIT_ARRAY$$Base
UNDEFED    SHT$$INIT_ARRAY$$Limit

[108 symbols]
